Archive member included to satisfy reference by file (symbol)

lib/Config/libConfig.a(DEV_Config.c.o)
                              CMakeFiles/main.dir/main.c.o (DEV_Delay_ms)
lib/Devices/libDevices.a(MotorDriver.c.o)
                              CMakeFiles/main.dir/main.c.o (Motor_Init)
lib/Devices/libDevices.a(PCA9685.c.o)
                              lib/Devices/libDevices.a(MotorDriver.c.o) (PCA9685_Init)
/usr/lib/gcc/arm-none-eabi/14.2.0/thumb/v6-m/nofp/libgcc.a(_dvmd_tls.o)
                              CMakeFiles/main.dir/usr/share/pico-sdk/src/rp2_common/pico_divider/divider_hardware.S.o (__aeabi_idiv0)
/usr/lib/gcc/arm-none-eabi/14.2.0/../../../../arm-none-eabi/lib/thumb/v6-m/nofp/libg.a(libc_a-atexit.o)
                              /usr/lib/gcc/arm-none-eabi/14.2.0/../../../../arm-none-eabi/lib/thumb/v6-m/nofp/crt0.o (atexit)
/usr/lib/gcc/arm-none-eabi/14.2.0/../../../../arm-none-eabi/lib/thumb/v6-m/nofp/libg.a(libc_a-calloc.o)
                              CMakeFiles/main.dir/usr/share/pico-sdk/src/rp2_common/pico_malloc/malloc.c.o (calloc)
/usr/lib/gcc/arm-none-eabi/14.2.0/../../../../arm-none-eabi/lib/thumb/v6-m/nofp/libg.a(libc_a-callocr.o)
                              /usr/lib/gcc/arm-none-eabi/14.2.0/../../../../arm-none-eabi/lib/thumb/v6-m/nofp/libg.a(libc_a-calloc.o) (_calloc_r)
/usr/lib/gcc/arm-none-eabi/14.2.0/../../../../arm-none-eabi/lib/thumb/v6-m/nofp/libg.a(libc_a-malloc.o)
                              CMakeFiles/main.dir/usr/share/pico-sdk/src/rp2_common/pico_malloc/malloc.c.o (malloc)
/usr/lib/gcc/arm-none-eabi/14.2.0/../../../../arm-none-eabi/lib/thumb/v6-m/nofp/libg.a(libc_a-mallocr.o)
                              /usr/lib/gcc/arm-none-eabi/14.2.0/../../../../arm-none-eabi/lib/thumb/v6-m/nofp/libg.a(libc_a-callocr.o) (_malloc_r)
/usr/lib/gcc/arm-none-eabi/14.2.0/../../../../arm-none-eabi/lib/thumb/v6-m/nofp/libg.a(libc_a-mlock.o)
                              /usr/lib/gcc/arm-none-eabi/14.2.0/../../../../arm-none-eabi/lib/thumb/v6-m/nofp/libg.a(libc_a-mallocr.o) (__malloc_lock)
/usr/lib/gcc/arm-none-eabi/14.2.0/../../../../arm-none-eabi/lib/thumb/v6-m/nofp/libg.a(libc_a-realloc.o)
                              CMakeFiles/main.dir/usr/share/pico-sdk/src/rp2_common/pico_malloc/malloc.c.o (realloc)
/usr/lib/gcc/arm-none-eabi/14.2.0/../../../../arm-none-eabi/lib/thumb/v6-m/nofp/libg.a(libc_a-reallocr.o)
                              /usr/lib/gcc/arm-none-eabi/14.2.0/../../../../arm-none-eabi/lib/thumb/v6-m/nofp/libg.a(libc_a-realloc.o) (_realloc_r)
/usr/lib/gcc/arm-none-eabi/14.2.0/../../../../arm-none-eabi/lib/thumb/v6-m/nofp/libg.a(libc_a-memcmp.o)
                              CMakeFiles/main.dir/usr/share/pico-sdk/src/rp2_common/pico_atomic/atomic.c.o (memcmp)
/usr/lib/gcc/arm-none-eabi/14.2.0/../../../../arm-none-eabi/lib/thumb/v6-m/nofp/libg.a(libc_a-memmove.o)
                              /usr/lib/gcc/arm-none-eabi/14.2.0/../../../../arm-none-eabi/lib/thumb/v6-m/nofp/libg.a(libc_a-reallocr.o) (memmove)
/usr/lib/gcc/arm-none-eabi/14.2.0/../../../../arm-none-eabi/lib/thumb/v6-m/nofp/libg.a(libc_a-lcltime_r.o)
                              CMakeFiles/main.dir/usr/share/pico-sdk/src/common/pico_util/datetime.c.o (localtime_r)
/usr/lib/gcc/arm-none-eabi/14.2.0/../../../../arm-none-eabi/lib/thumb/v6-m/nofp/libg.a(libc_a-mktime.o)
                              CMakeFiles/main.dir/usr/share/pico-sdk/src/common/pico_util/datetime.c.o (mktime)
/usr/lib/gcc/arm-none-eabi/14.2.0/../../../../arm-none-eabi/lib/thumb/v6-m/nofp/libg.a(libc_a-month_lengths.o)
                              /usr/lib/gcc/arm-none-eabi/14.2.0/../../../../arm-none-eabi/lib/thumb/v6-m/nofp/libg.a(libc_a-lcltime_r.o) (__month_lengths)
/usr/lib/gcc/arm-none-eabi/14.2.0/../../../../arm-none-eabi/lib/thumb/v6-m/nofp/libg.a(libc_a-tzcalc_limits.o)
                              /usr/lib/gcc/arm-none-eabi/14.2.0/../../../../arm-none-eabi/lib/thumb/v6-m/nofp/libg.a(libc_a-lcltime_r.o) (__tzcalc_limits)
/usr/lib/gcc/arm-none-eabi/14.2.0/../../../../arm-none-eabi/lib/thumb/v6-m/nofp/libg.a(libc_a-tzlock.o)
                              /usr/lib/gcc/arm-none-eabi/14.2.0/../../../../arm-none-eabi/lib/thumb/v6-m/nofp/libg.a(libc_a-lcltime_r.o) (__tz_lock)
/usr/lib/gcc/arm-none-eabi/14.2.0/../../../../arm-none-eabi/lib/thumb/v6-m/nofp/libg.a(libc_a-tzset.o)
                              /usr/lib/gcc/arm-none-eabi/14.2.0/../../../../arm-none-eabi/lib/thumb/v6-m/nofp/libg.a(libc_a-lcltime_r.o) (_tzset_unlocked)
/usr/lib/gcc/arm-none-eabi/14.2.0/../../../../arm-none-eabi/lib/thumb/v6-m/nofp/libg.a(libc_a-tzset_r.o)
                              /usr/lib/gcc/arm-none-eabi/14.2.0/../../../../arm-none-eabi/lib/thumb/v6-m/nofp/libg.a(libc_a-tzset.o) (_tzset_unlocked_r)
/usr/lib/gcc/arm-none-eabi/14.2.0/../../../../arm-none-eabi/lib/thumb/v6-m/nofp/libg.a(libc_a-tzvars.o)
                              /usr/lib/gcc/arm-none-eabi/14.2.0/../../../../arm-none-eabi/lib/thumb/v6-m/nofp/libg.a(libc_a-tzset_r.o) (_timezone)
[...]
Memory Configuration

Name             Origin             Length             Attributes
FLASH            0x10000000         0x00200000         xr
RAM              0x20000000         0x00040000         xrw
SCRATCH_X        0x20040000         0x00001000         xrw
SCRATCH_Y        0x20041000         0x00001000         xrw
*default*        0x00000000         0xffffffff

Linker script and memory map

LOAD /usr/lib/gcc/arm-none-eabi/14.2.0/thumb/v6-m/nofp/crti.o
LOAD /usr/lib/gcc/arm-none-eabi/14.2.0/thumb/v6-m/nofp/crtbegin.o
LOAD /usr/lib/gcc/arm-none-eabi/14.2.0/../../../../arm-none-eabi/lib/thumb/v6-m/nofp/crt0.o

.flash_begin    0x10000000        0x0
                0x10000000                        __flash_binary_start = .

.boot2          0x10000000      0x100
                0x10000000                        __boot2_start__ = .
 *(.boot2)
 .boot2         0x10000000      0x100 pico-sdk/src/rp2040/boot_stage2/CMakeFiles/bs2_default_library.dir/bs2_default_padded_checksummed.S.o
                0x10000100                        __boot2_end__ = .
                0x00000001                        ASSERT (((__boot2_end__ - __boot2_start__) == 0x100), ERROR: Pico second stage bootloader must be 256 bytes in size)

.text           0x10000100     0x7360
                0x10000100                        __logical_binary_start = .
 *(.vectors)
 .vectors       0x10000100       0xd4 CMakeFiles/main.dir/usr/share/pico-sdk/src/rp2_common/pico_crt0/crt0.S.o
                0x10000100                __vectors
                0x10000100                __VECTOR_TABLE
                0x100001c0                isr_invalid
                0x100001c0                __default_isrs_start
                0x100001c2                isr_nmi
                0x100001c4                isr_hardfault
                0x100001c6                isr_svcall
                0x100001c8                isr_pendsv
                0x100001ca                isr_systick
                0x100001cc                isr_irq30
                0x100001cc                __unhandled_user_irq
                0x100001cc                isr_irq13
                0x100001cc                isr_irq27
                0x100001cc                isr_irq31
                0x100001cc                isr_irq5
                0x100001cc                isr_irq11
                0x100001cc                isr_irq23
                0x100001cc                isr_irq18
                0x100001cc                isr_irq28
                0x100001cc                isr_irq19
                0x100001cc                isr_irq0
                0x100001cc                isr_irq6
                0x100001cc                isr_irq22
                0x100001cc                isr_irq17
                0x100001cc                isr_irq14
                0x100001cc                isr_irq2
                0x100001cc                isr_irq10
                0x100001cc                isr_irq8
                0x100001cc                isr_irq24
                0x100001cc                isr_irq1
                0x100001cc                isr_irq7
                0x100001cc                isr_irq21
                0x100001cc                isr_irq20
                0x100001cc                isr_irq15
                0x100001cc                isr_irq25
                0x100001cc                isr_irq4
                0x100001cc                isr_irq16
                0x100001cc                isr_irq29
                0x100001cc                isr_irq26
                0x100001cc                __default_isrs_end
                0x100001cc                isr_irq3
                0x100001cc                isr_irq12
                0x100001cc                isr_irq9
                0x100001d2                unhandled_user_irq_num_in_r0
 *(.binary_info_header)
 .binary_info_header
                0x100001d4       0x14 CMakeFiles/main.dir/usr/share/pico-sdk/src/rp2_common/pico_crt0/crt0.S.o
                0x100001e8                        __binary_info_header_end = .
 *(.embedded_block)
                0x100001e8                        __embedded_block_end = .
 *(.reset)
 .reset         0x100001e8       0x9c CMakeFiles/main.dir/usr/share/pico-sdk/src/rp2_common/pico_crt0/crt0.S.o
                0x100001e8                _entry_point
 *(.init)
 .init          0x10000284        0x4 /usr/lib/gcc/arm-none-eabi/14.2.0/thumb/v6-m/nofp/crti.o
                0x10000284                _init
 *(EXCLUDE_FILE(*libm.a: *libc.a:*lib_a-mem*.o *libgcc.a:) .text*)
 .text.frame_dummy
                0x10000288       0x20 /usr/lib/gcc/arm-none-eabi/14.2.0/thumb/v6-m/nofp/crtbegin.o
 .text.Motor    0x100002a8      0x174 CMakeFiles/main.dir/main.c.o
                0x100002a8                Motor
 .text.startup.main
                0x1000041c      0x114 CMakeFiles/main.dir/main.c.o
                0x1000041c                main
 .text.gpio_set_function
                0x10000530       0x34 CMakeFiles/main.dir/usr/share/pico-sdk/src/rp2_common/hardware_gpio/gpio.c.o
                0x10000530                gpio_set_function
 .text.gpio_set_pulls
                0x10000564       0x28 CMakeFiles/main.dir/usr/share/pico-sdk/src/rp2_common/hardware_gpio/gpio.c.o
                0x10000564                gpio_set_pulls
 .text.rp2040_chip_version
                0x1000058c        0xc CMakeFiles/main.dir/usr/share/pico-sdk/src/rp2040/pico_platform/platform.c.o
                0x1000058c                rp2040_chip_version
 .text.panic    0x10000598       0x30 CMakeFiles/main.dir/usr/share/pico-sdk/src/rp2_common/pico_platform_panic/panic.c.o
                0x10000598                panic
 .text.hw_claim_or_assert
                0x100005c8       0x44 CMakeFiles/main.dir/usr/share/pico-sdk/src/common/hardware_claim/claim.c.o
                0x100005c8                hw_claim_or_assert
 .text.hw_claim_unused_from_range
                0x1000060c       0x88 CMakeFiles/main.dir/usr/share/pico-sdk/src/common/hardware_claim/claim.c.o
                0x1000060c                hw_claim_unused_from_range
 .text.next_striped_spin_lock_num
                0x10000694       0x18 CMakeFiles/main.dir/usr/share/pico-sdk/src/rp2_common/hardware_sync/sync.c.o
                0x10000694                next_striped_spin_lock_num
 .text.spin_lock_claim_unused
                0x100006ac       0x24 CMakeFiles/main.dir/usr/share/pico-sdk/src/rp2_common/hardware_sync/sync.c.o
                0x100006ac                spin_lock_claim_unused
 .text.spin_locks_reset
                0x100006d0       0x1c CMakeFiles/main.dir/usr/share/pico-sdk/src/rp2_common/hardware_sync_spin_lock/sync_spin_lock.c.o
                0x100006d0                spin_locks_reset
 .text.runtime_init_per_core_irq_priorities
                0x100006ec       0x24 CMakeFiles/main.dir/usr/share/pico-sdk/src/rp2_common/hardware_irq/irq.c.o
                0x100006ec                runtime_init_per_core_irq_priorities
 .text.irq_set_enabled
                0x10000710       0x24 CMakeFiles/main.dir/usr/share/pico-sdk/src/rp2_common/hardware_irq/irq.c.o
                0x10000710                irq_set_enabled
 .text.irq_is_enabled
                0x10000734       0x18 CMakeFiles/main.dir/usr/share/pico-sdk/src/rp2_common/hardware_irq/irq.c.o
                0x10000734                irq_is_enabled
 .text.irq_set_pending
                0x1000074c       0x10 CMakeFiles/main.dir/usr/share/pico-sdk/src/rp2_common/hardware_irq/irq.c.o
                0x1000074c                irq_set_pending
 .text.irq_has_shared_handler
                0x1000075c       0x24 CMakeFiles/main.dir/usr/share/pico-sdk/src/rp2_common/hardware_irq/irq.c.o
                0x1000075c                irq_has_shared_handler
 .text.irq_set_exclusive_handler
                0x10000780       0x54 CMakeFiles/main.dir/usr/share/pico-sdk/src/rp2_common/hardware_irq/irq.c.o
                0x10000780                irq_set_exclusive_handler
 .text.irq_add_shared_handler
                0x100007d4      0x1f4 CMakeFiles/main.dir/usr/share/pico-sdk/src/rp2_common/hardware_irq/irq.c.o
                0x100007d4                irq_add_shared_handler
 .text.irq_add_tail_to_free_list
                0x100009c8       0xb4 CMakeFiles/main.dir/usr/share/pico-sdk/src/rp2_common/hardware_irq/irq.c.o
                0x100009c8                irq_add_tail_to_free_list
 .text.user_irq_claim_unused
                0x10000a7c       0x2c CMakeFiles/main.dir/usr/share/pico-sdk/src/rp2_common/hardware_irq/irq.c.o
                0x10000a7c                user_irq_claim_unused
 .text.lock_init
                0x10000aa8       0x10 CMakeFiles/main.dir/usr/share/pico-sdk/src/common/pico_sync/lock_core.c.o
                0x10000aa8                lock_init
 .text.runtime_init_mutex
                0x10000ab8       0x50 CMakeFiles/main.dir/usr/share/pico-sdk/src/common/pico_sync/mutex.c.o
                0x10000ab8                runtime_init_mutex
 .text.mutex_init
                0x10000b08       0x1c CMakeFiles/main.dir/usr/share/pico-sdk/src/common/pico_sync/mutex.c.o
                0x10000b08                mutex_init
 .text.critical_section_init
                0x10000b24       0x1c CMakeFiles/main.dir/usr/share/pico-sdk/src/common/pico_sync/critical_section.c.o
                0x10000b24                critical_section_init
 .text.critical_section_init_with_lock_num
                0x10000b40       0x14 CMakeFiles/main.dir/usr/share/pico-sdk/src/common/pico_sync/critical_section.c.o
                0x10000b40                critical_section_init_with_lock_num
 .text.sleep_until_callback
                0x10000b54       0x30 CMakeFiles/main.dir/usr/share/pico-sdk/src/common/pico_time/time.c.o
 .text.alarm_pool_irq_handler
                0x10000b84      0x300 CMakeFiles/main.dir/usr/share/pico-sdk/src/common/pico_time/time.c.o
 .text.runtime_init_default_alarm_pool
                0x10000e84       0xdc CMakeFiles/main.dir/usr/share/pico-sdk/src/common/pico_time/time.c.o
                0x10000e84                runtime_init_default_alarm_pool
 .text.alarm_pool_get_default
                0x10000f60        0x8 CMakeFiles/main.dir/usr/share/pico-sdk/src/common/pico_time/time.c.o
                0x10000f60                alarm_pool_get_default
 .text.alarm_pool_add_alarm_at
                0x10000f68       0xd0 CMakeFiles/main.dir/usr/share/pico-sdk/src/common/pico_time/time.c.o
                0x10000f68                alarm_pool_add_alarm_at
 .text.alarm_pool_add_alarm_at_force_in_context
                0x10001038       0xb0 CMakeFiles/main.dir/usr/share/pico-sdk/src/common/pico_time/time.c.o
                0x10001038                alarm_pool_add_alarm_at_force_in_context
 .text.alarm_pool_cancel_alarm
                0x100010e8       0x74 CMakeFiles/main.dir/usr/share/pico-sdk/src/common/pico_time/time.c.o
                0x100010e8                alarm_pool_cancel_alarm
 .text.alarm_pool_core_num
                0x1000115c        0x4 CMakeFiles/main.dir/usr/share/pico-sdk/src/common/pico_time/time.c.o
                0x1000115c                alarm_pool_core_num
 .text.sleep_ms
                0x10001160       0xfc CMakeFiles/main.dir/usr/share/pico-sdk/src/common/pico_time/time.c.o
                0x10001160                sleep_ms
 .text.best_effort_wfe_or_timeout
                0x1000125c      0x10c CMakeFiles/main.dir/usr/share/pico-sdk/src/common/pico_time/time.c.o
                0x1000125c                best_effort_wfe_or_timeout
 .text.timer_hardware_alarm_claim
                0x10001368       0x14 CMakeFiles/main.dir/usr/share/pico-sdk/src/rp2_common/hardware_timer/timer.c.o
                0x10001368                timer_hardware_alarm_claim
 .text.timer_time_us_64
                0x1000137c       0x10 CMakeFiles/main.dir/usr/share/pico-sdk/src/rp2_common/hardware_timer/timer.c.o
                0x1000137c                timer_time_us_64
 .text.time_us_64
                0x1000138c       0x14 CMakeFiles/main.dir/usr/share/pico-sdk/src/rp2_common/hardware_timer/timer.c.o
                0x1000138c                time_us_64
 .text.busy_wait_until
                0x100013a0       0x20 CMakeFiles/main.dir/usr/share/pico-sdk/src/rp2_common/hardware_timer/timer.c.o
                0x100013a0                busy_wait_until
 .text.clock_configure_int_divider
                0x100013c0       0xf4 CMakeFiles/main.dir/usr/share/pico-sdk/src/rp2_common/hardware_clocks/clocks.c.o
                0x100013c0                clock_configure_int_divider
 .text.clock_configure_undivided
                0x100014b4       0xe8 CMakeFiles/main.dir/usr/share/pico-sdk/src/rp2_common/hardware_clocks/clocks.c.o
                0x100014b4                clock_configure_undivided
 .text.clock_get_hz
                0x1000159c        0xc CMakeFiles/main.dir/usr/share/pico-sdk/src/rp2_common/hardware_clocks/clocks.c.o
                0x1000159c                clock_get_hz
 .text.pll_init
                0x100015a8       0xa4 CMakeFiles/main.dir/usr/share/pico-sdk/src/rp2_common/hardware_pll/pll.c.o
                0x100015a8                pll_init
 .text.watchdog_reboot
                0x1000164c       0x9c CMakeFiles/main.dir/usr/share/pico-sdk/src/rp2_common/hardware_watchdog/watchdog.c.o
                0x1000164c                watchdog_reboot
 .text.tick_start
                0x100016e8       0x10 CMakeFiles/main.dir/usr/share/pico-sdk/src/rp2_common/hardware_ticks/ticks.c.o
                0x100016e8                tick_start
 .text.rom_func_lookup
                0x100016f8       0x10 CMakeFiles/main.dir/usr/share/pico-sdk/src/rp2_common/pico_bootrom/bootrom.c.o
                0x100016f8                rom_func_lookup
 .text.rom_data_lookup
                0x10001708       0x10 CMakeFiles/main.dir/usr/share/pico-sdk/src/rp2_common/pico_bootrom/bootrom.c.o
                0x10001708                rom_data_lookup
 .text.rom_funcs_lookup
                0x10001718       0x44 CMakeFiles/main.dir/usr/share/pico-sdk/src/rp2_common/pico_bootrom/bootrom.c.o
                0x10001718                rom_funcs_lookup
 .text.rom_reset_usb_boot_extra
                0x1000175c       0x24 CMakeFiles/main.dir/usr/share/pico-sdk/src/rp2_common/pico_bootrom/bootrom.c.o
                0x1000175c                rom_reset_usb_boot_extra
 .text.xosc_init
                0x10001780       0x28 CMakeFiles/main.dir/usr/share/pico-sdk/src/rp2_common/hardware_xosc/xosc.c.o
                0x10001780                xosc_init
 .text.first_per_core_initializer
                0x100017a8        0x4 CMakeFiles/main.dir/usr/share/pico-sdk/src/rp2_common/pico_runtime/runtime.c.o
 .text.hard_assertion_failure
                0x100017ac        0xc CMakeFiles/main.dir/usr/share/pico-sdk/src/rp2_common/pico_runtime/runtime.c.o
                0x100017ac                hard_assertion_failure
 .text.runtime_run_initializers
                0x100017b8       0x28 CMakeFiles/main.dir/usr/share/pico-sdk/src/rp2_common/pico_runtime/runtime.c.o
                0x100017b8                runtime_run_initializers
 .text.runtime_init_early_resets
                0x100017e0       0x2c CMakeFiles/main.dir/usr/share/pico-sdk/src/rp2_common/pico_runtime_init/runtime_init.c.o
                0x100017e0                runtime_init_early_resets
 .text.runtime_init_usb_power_down
                0x1000180c       0x1c CMakeFiles/main.dir/usr/share/pico-sdk/src/rp2_common/pico_runtime_init/runtime_init.c.o
                0x1000180c                runtime_init_usb_power_down
 .text.runtime_init_post_clock_resets
                0x10001828       0x20 CMakeFiles/main.dir/usr/share/pico-sdk/src/rp2_common/pico_runtime_init/runtime_init.c.o
                0x10001828                runtime_init_post_clock_resets
 .text.runtime_init_rp2040_gpio_ie_disable
                0x10001848       0x14 CMakeFiles/main.dir/usr/share/pico-sdk/src/rp2_common/pico_runtime_init/runtime_init.c.o
                0x10001848                runtime_init_rp2040_gpio_ie_disable
 .text.runtime_init_spin_locks_reset
                0x1000185c        0x8 CMakeFiles/main.dir/usr/share/pico-sdk/src/rp2_common/pico_runtime_init/runtime_init.c.o
                0x1000185c                runtime_init_spin_locks_reset
 .text.runtime_init_install_ram_vector_table
                0x10001864       0x1c CMakeFiles/main.dir/usr/share/pico-sdk/src/rp2_common/pico_runtime_init/runtime_init.c.o
                0x10001864                runtime_init_install_ram_vector_table
 .text.runtime_init_clocks
                0x10001880       0xd8 CMakeFiles/main.dir/usr/share/pico-sdk/src/rp2_common/pico_runtime_init/runtime_init_clocks.c.o
                0x10001880                runtime_init_clocks
 .text          0x10001958       0x10 CMakeFiles/main.dir/usr/share/pico-sdk/src/rp2_common/pico_bit_ops/bit_ops_aeabi.S.o
 .text.__wrap___aeabi_idiv
                0x10001968       0x50 CMakeFiles/main.dir/usr/share/pico-sdk/src/rp2_common/pico_divider/divider_hardware.S.o
                0x10001968                __wrap___aeabi_idivmod
                0x10001968                divmod_s32s32
                0x10001968                div_s32s32
                0x10001968                __wrap___aeabi_idiv
                0x10001970                divmod_s32s32_unsafe
                0x1000199c                divmod_s32s32_savestate
 .text.__wrap___aeabi_uidiv
                0x100019b8       0x4c CMakeFiles/main.dir/usr/share/pico-sdk/src/rp2_common/pico_divider/divider_hardware.S.o
                0x100019b8                __wrap___aeabi_uidiv
                0x100019b8                __wrap___aeabi_uidivmod
                0x100019b8                div_u32u32
                0x100019b8                divmod_u32u32
                0x100019c0                divmod_u32u32_unsafe
                0x100019e8                divmod_u32u32_savestate
 .text.__wrap___aeabi_ldiv
                0x10001a04      0x424 CMakeFiles/main.dir/usr/share/pico-sdk/src/rp2_common/pico_divider/divider_hardware.S.o
                0x10001a04                div_s64s64
                0x10001a04                divmod_s64s64
                0x10001a04                __wrap___aeabi_ldivmod
                0x10001a34                div_u64u64
                0x10001a34                divmod_u64u64
                0x10001a34                __wrap___aeabi_uldivmod
                0x10001a44                divmod_u64u64_savestate
                0x10001a64                divmod_s64s64_unsafe
                0x10001aec                divmod_u64u64_unsafe
 .text.__wrap___aeabi_darithmetic
                0x10001e28       0x80 CMakeFiles/main.dir/usr/share/pico-sdk/src/rp2_common/pico_double/double_aeabi_rp2040.S.o
                0x10001e28                __wrap___aeabi_drsub
                0x10001e2e                __wrap___aeabi_dsub
                0x10001e40                __wrap___aeabi_dadd
                0x10001e52                __wrap___aeabi_ddiv
                0x10001e8e                __wrap___aeabi_dmul
 .text.__wrap___aeabi_cdcmple
                0x10001ea8       0x6c CMakeFiles/main.dir/usr/share/pico-sdk/src/rp2_common/pico_double/double_aeabi_rp2040.S.o
                0x10001ea8                __wrap___aeabi_cdrcmple
                0x10001eb8                __wrap___aeabi_cdcmple
                0x10001eb8                __wrap___aeabi_cdcmpeq
 .text.__wrap___aeabi_dcmplt
                0x10001f14        0xc CMakeFiles/main.dir/usr/share/pico-sdk/src/rp2_common/pico_double/double_aeabi_rp2040.S.o
                0x10001f14                __wrap___aeabi_dcmplt
 .text.__wrap___aeabi_dcmple
                0x10001f20       0x10 CMakeFiles/main.dir/usr/share/pico-sdk/src/rp2_common/pico_double/double_aeabi_rp2040.S.o
                0x10001f20                __wrap___aeabi_dcmple
 .text.__wrap___aeabi_dcmpge
                0x10001f30       0x10 CMakeFiles/main.dir/usr/share/pico-sdk/src/rp2_common/pico_double/double_aeabi_rp2040.S.o
                0x10001f30                __wrap___aeabi_dcmpge
 .text.__wrap___aeabi_dcmpgt
                0x10001f40        0xa CMakeFiles/main.dir/usr/share/pico-sdk/src/rp2_common/pico_double/double_aeabi_rp2040.S.o
                0x10001f40                __wrap___aeabi_dcmpgt
 .text.__wrap___aeabi_dcmpun
                0x10001f4a       0x18 CMakeFiles/main.dir/usr/share/pico-sdk/src/rp2_common/pico_double/double_aeabi_rp2040.S.o
                0x10001f4a                __wrap___aeabi_dcmpun
 *fill*         0x10001f62        0x2 
 .text.__wrap___aeabi_i2d
                0x10001f64       0x38 CMakeFiles/main.dir/usr/share/pico-sdk/src/rp2_common/pico_double/double_aeabi_rp2040.S.o
                0x10001f64                __wrap___aeabi_ui2d
                0x10001f64                uint2double
                0x10001f6c                __wrap___aeabi_i2d
                0x10001f6c                int2double
 .text.__wrap___aeabi_d2iz
                0x10001f9c       0x48 CMakeFiles/main.dir/usr/share/pico-sdk/src/rp2_common/pico_double/double_aeabi_rp2040.S.o
                0x10001f9c                __wrap___aeabi_d2iz
                0x10001f9c                double2int_z
 .text.__wrap___aeabi_d2uiz
                0x10001fe4       0x18 CMakeFiles/main.dir/usr/share/pico-sdk/src/rp2_common/pico_double/double_aeabi_rp2040.S.o
                0x10001fe4                double2uint_z
                0x10001fe4                double2uint
                0x10001fe4                __wrap___aeabi_d2uiz
 .text.__aeabi_double_init
                0x10001ffc       0xa4 CMakeFiles/main.dir/usr/share/pico-sdk/src/rp2_common/pico_double/double_init_rom_rp2040.c.o
                0x10001ffc                __aeabi_double_init
 .text.__wrap_floor
                0x100020a0       0xb4 CMakeFiles/main.dir/usr/share/pico-sdk/src/rp2_common/pico_double/double_math.c.o
                0x100020a0                __wrap_floor
 .text.double_table_shim_on_use_helper
                0x10002154       0x2c CMakeFiles/main.dir/usr/share/pico-sdk/src/rp2_common/pico_double/double_v1_rom_shim_rp2040.S.o
                0x10002154                double_table_shim_on_use_helper
 .text.__wrap___aeabi_dsub
                0x10002180       0x10 CMakeFiles/main.dir/usr/share/pico-sdk/src/rp2_common/pico_double/double_v1_rom_shim_rp2040.S.o
                0x10002180                drsub_shim
                0x10002186                dsub_shim
 .text.dadd_shim
                0x10002190      0x15c CMakeFiles/main.dir/usr/share/pico-sdk/src/rp2_common/pico_double/double_v1_rom_shim_rp2040.S.o
                0x10002190                dadd_shim
 .text.dmul_shim
                0x100022ec      0x15c CMakeFiles/main.dir/usr/share/pico-sdk/src/rp2_common/pico_double/double_v1_rom_shim_rp2040.S.o
                0x100022ec                dmul_shim
 .text.ddiv_shim
                0x10002448      0x1b0 CMakeFiles/main.dir/usr/share/pico-sdk/src/rp2_common/pico_double/double_v1_rom_shim_rp2040.S.o
                0x10002448                ddiv_shim
 .text.double2uint_shim
                0x100025f8        0xe CMakeFiles/main.dir/usr/share/pico-sdk/src/rp2_common/pico_double/double_v1_rom_shim_rp2040.S.o
                0x100025f8                double2uint_shim
                0x100025fa                double2ufix_shim
 *fill*         0x10002606        0x2 
 .text.double2uint64_shim
                0x10002608       0x70 CMakeFiles/main.dir/usr/share/pico-sdk/src/rp2_common/pico_double/double_v1_rom_shim_rp2040.S.o
                0x10002608                double2uint64_shim
                0x1000260a                double2ufix64_shim
                0x1000262a                d2fix_a
 .text.dunpacks
                0x10002678       0x3c CMakeFiles/main.dir/usr/share/pico-sdk/src/rp2_common/pico_double/double_v1_rom_shim_rp2040.S.o
                0x10002678                dunpacks
 .text.__aeabi_lmul
                0x100026b4       0x32 CMakeFiles/main.dir/usr/share/pico-sdk/src/rp2_common/pico_int64_ops/pico_int64_ops_aeabi.S.o
                0x100026b4                __wrap___aeabi_lmul
 *fill*         0x100026e6        0x2 
 .text.__aeabi_float_init
                0x100026e8       0x64 CMakeFiles/main.dir/usr/share/pico-sdk/src/rp2_common/pico_float/float_init_rom_rp2040.c.o
                0x100026e8                __aeabi_float_init
 .text.float_table_shim_on_use_helper
                0x1000274c       0x2c CMakeFiles/main.dir/usr/share/pico-sdk/src/rp2_common/pico_float/float_v1_rom_shim_rp2040.S.o
                0x1000274c                float_table_shim_on_use_helper
 .text          0x10002778       0x10 CMakeFiles/main.dir/usr/share/pico-sdk/src/rp2_common/pico_mem_ops/mem_ops_aeabi.S.o
                0x10002778                __aeabi_mem_init
 .text.memset   0x10002788        0xc CMakeFiles/main.dir/usr/share/pico-sdk/src/rp2_common/pico_mem_ops/mem_ops_aeabi.S.o
                0x10002788                __wrap_memset
 .text.memcpy   0x10002794        0xc CMakeFiles/main.dir/usr/share/pico-sdk/src/rp2_common/pico_mem_ops/mem_ops_aeabi.S.o
                0x10002794                __wrap___aeabi_memcpy
                0x10002794                __wrap_memcpy
 .text._out_null
                0x100027a0        0x4 CMakeFiles/main.dir/usr/share/pico-sdk/src/rp2_common/pico_printf/printf.c.o
 .text._out_rev
                0x100027a4       0xac CMakeFiles/main.dir/usr/share/pico-sdk/src/rp2_common/pico_printf/printf.c.o
 .text._ntoa_format
                0x10002850      0x1cc CMakeFiles/main.dir/usr/share/pico-sdk/src/rp2_common/pico_printf/printf.c.o
 .text._out_char
                0x10002a1c       0x10 CMakeFiles/main.dir/usr/share/pico-sdk/src/rp2_common/pico_printf/printf.c.o
 .text._out_fct
                0x10002a2c       0x10 CMakeFiles/main.dir/usr/share/pico-sdk/src/rp2_common/pico_printf/printf.c.o
 .text._ftoa    0x10002a3c      0x4a8 CMakeFiles/main.dir/usr/share/pico-sdk/src/rp2_common/pico_printf/printf.c.o
 .text._etoa    0x10002ee4      0x57c CMakeFiles/main.dir/usr/share/pico-sdk/src/rp2_common/pico_printf/printf.c.o
 .text._vsnprintf
                0x10003460      0xbe0 CMakeFiles/main.dir/usr/share/pico-sdk/src/rp2_common/pico_printf/printf.c.o
 .text.vfctprintf
                0x10004040       0x24 CMakeFiles/main.dir/usr/share/pico-sdk/src/rp2_common/pico_printf/printf.c.o
                0x10004040                vfctprintf
 .text.weak_raw_vprintf
                0x10004064       0x30 CMakeFiles/main.dir/usr/share/pico-sdk/src/rp2_common/pico_printf/printf.c.o
                0x10004064                weak_raw_vprintf
 .text._exit    0x10004094        0x4 CMakeFiles/main.dir/usr/share/pico-sdk/src/rp2_common/pico_clib_interface/newlib_interface.c.o
                0x10004094                _exit
 .text.exit     0x10004098        0x8 CMakeFiles/main.dir/usr/share/pico-sdk/src/rp2_common/pico_clib_interface/newlib_interface.c.o
                0x10004098                exit
 .text.runtime_init
                0x100040a0       0x2c CMakeFiles/main.dir/usr/share/pico-sdk/src/rp2_common/pico_clib_interface/newlib_interface.c.o
                0x100040a0                runtime_init
 .text.stdio_out_chars_no_crlf
                0x100040cc       0x10 CMakeFiles/main.dir/usr/share/pico-sdk/src/rp2_common/pico_stdio/stdio.c.o
 .text.stdio_out_chars_crlf
                0x100040dc       0xb0 CMakeFiles/main.dir/usr/share/pico-sdk/src/rp2_common/pico_stdio/stdio.c.o
 .text.stdio_buffered_printer
                0x1000418c       0x64 CMakeFiles/main.dir/usr/share/pico-sdk/src/rp2_common/pico_stdio/stdio.c.o
 .text.stdio_put_string
                0x100041f0       0xfc CMakeFiles/main.dir/usr/share/pico-sdk/src/rp2_common/pico_stdio/stdio.c.o
                0x100041f0                stdio_put_string
 .text.stdio_set_driver_enabled
                0x100042ec       0x30 CMakeFiles/main.dir/usr/share/pico-sdk/src/rp2_common/pico_stdio/stdio.c.o
                0x100042ec                stdio_set_driver_enabled
 .text.stdio_init_all
                0x1000431c        0x8 CMakeFiles/main.dir/usr/share/pico-sdk/src/rp2_common/pico_stdio/stdio.c.o
                0x1000431c                stdio_init_all
 .text.__wrap_putchar
                0x10004324       0x94 CMakeFiles/main.dir/usr/share/pico-sdk/src/rp2_common/pico_stdio/stdio.c.o
                0x10004324                stdio_putchar
                0x10004324                __wrap_putchar
 .text.__wrap_puts
                0x100043b8       0x3c CMakeFiles/main.dir/usr/share/pico-sdk/src/rp2_common/pico_stdio/stdio.c.o
                0x100043b8                __wrap_puts
                0x100043b8                stdio_puts
 .text.__wrap_vprintf
                0x100043f4       0xcc CMakeFiles/main.dir/usr/share/pico-sdk/src/rp2_common/pico_stdio/stdio.c.o
                0x100043f4                __wrap_vprintf
                0x100043f4                stdio_vprintf
 .text.__wrap_printf
                0x100044c0       0x18 CMakeFiles/main.dir/usr/share/pico-sdk/src/rp2_common/pico_stdio/stdio.c.o
                0x100044c0                stdio_printf
                0x100044c0                __wrap_printf
 .text.resetd_init
                0x100044d8        0x4 CMakeFiles/main.dir/usr/share/pico-sdk/src/rp2_common/pico_stdio_usb/reset_interface.c.o
 .text.resetd_reset
                0x100044dc        0xc CMakeFiles/main.dir/usr/share/pico-sdk/src/rp2_common/pico_stdio_usb/reset_interface.c.o
 .text.resetd_open
                0x100044e8       0x28 CMakeFiles/main.dir/usr/share/pico-sdk/src/rp2_common/pico_stdio_usb/reset_interface.c.o
 .text.resetd_xfer_cb
                0x10004510        0x4 CMakeFiles/main.dir/usr/share/pico-sdk/src/rp2_common/pico_stdio_usb/reset_interface.c.o
 .text.resetd_control_xfer_cb
                0x10004514       0x54 CMakeFiles/main.dir/usr/share/pico-sdk/src/rp2_common/pico_stdio_usb/reset_interface.c.o
 .text.tud_descriptor_bos_cb
                0x10004568        0x8 CMakeFiles/main.dir/usr/share/pico-sdk/src/rp2_common/pico_stdio_usb/reset_interface.c.o
                0x10004568                tud_descriptor_bos_cb
 .text.tud_vendor_control_xfer_cb
                0x10004570       0x34 CMakeFiles/main.dir/usr/share/pico-sdk/src/rp2_common/pico_stdio_usb/reset_interface.c.o
                0x10004570                tud_vendor_control_xfer_cb
 .text.usbd_app_driver_get_cb
                0x100045a4        0xc CMakeFiles/main.dir/usr/share/pico-sdk/src/rp2_common/pico_stdio_usb/reset_interface.c.o
                0x100045a4                usbd_app_driver_get_cb
 .text.tud_cdc_line_coding_cb
                0x100045b0       0x2c CMakeFiles/main.dir/usr/share/pico-sdk/src/rp2_common/pico_stdio_usb/reset_interface.c.o
                0x100045b0                tud_cdc_line_coding_cb
 .text.stdio_usb_set_chars_available_callback
                0x100045dc       0x14 CMakeFiles/main.dir/usr/share/pico-sdk/src/rp2_common/pico_stdio_usb/stdio_usb.c.o
                0x100045dc                stdio_usb_set_chars_available_callback
 .text.usb_irq  0x100045f0       0x10 CMakeFiles/main.dir/usr/share/pico-sdk/src/rp2_common/pico_stdio_usb/stdio_usb.c.o
 .text.timer_task
                0x10004600       0x64 CMakeFiles/main.dir/usr/share/pico-sdk/src/rp2_common/pico_stdio_usb/stdio_usb.c.o
 .text.stdio_usb_in_chars
                0x10004664       0x8c CMakeFiles/main.dir/usr/share/pico-sdk/src/rp2_common/pico_stdio_usb/stdio_usb.c.o
                0x10004664                stdio_usb_in_chars
 .text.stdio_usb_out_flush
                0x100046f0       0x4c CMakeFiles/main.dir/usr/share/pico-sdk/src/rp2_common/pico_stdio_usb/stdio_usb.c.o
 .text.stdio_usb_out_chars
                0x1000473c      0x100 CMakeFiles/main.dir/usr/share/pico-sdk/src/rp2_common/pico_stdio_usb/stdio_usb.c.o
 .text.low_priority_worker_irq
                0x1000483c       0xc8 CMakeFiles/main.dir/usr/share/pico-sdk/src/rp2_common/pico_stdio_usb/stdio_usb.c.o
 .text.stdio_usb_init
                0x10004904       0xe8 CMakeFiles/main.dir/usr/share/pico-sdk/src/rp2_common/pico_stdio_usb/stdio_usb.c.o
                0x10004904                stdio_usb_init
 .text.tud_descriptor_device_cb
                0x100049ec        0x8 CMakeFiles/main.dir/usr/share/pico-sdk/src/rp2_common/pico_stdio_usb/stdio_usb_descriptors.c.o
                0x100049ec                tud_descriptor_device_cb
 .text.tud_descriptor_configuration_cb
                0x100049f4        0x8 CMakeFiles/main.dir/usr/share/pico-sdk/src/rp2_common/pico_stdio_usb/stdio_usb_descriptors.c.o
                0x100049f4                tud_descriptor_configuration_cb
 .text.tud_descriptor_string_cb
                0x100049fc       0x78 CMakeFiles/main.dir/usr/share/pico-sdk/src/rp2_common/pico_stdio_usb/stdio_usb_descriptors.c.o
                0x100049fc                tud_descriptor_string_cb
 .text.startup._retrieve_unique_id_on_boot
                0x10004a74       0x10 CMakeFiles/main.dir/usr/share/pico-sdk/src/rp2_common/pico_unique_id/unique_id.c.o
 .text.pico_get_unique_board_id_string
                0x10004a84      0x1a8 CMakeFiles/main.dir/usr/share/pico-sdk/src/rp2_common/pico_unique_id/unique_id.c.o
                0x10004a84                pico_get_unique_board_id_string
 .text.flash_get_unique_id
                0x10004c2c       0x3c CMakeFiles/main.dir/usr/share/pico-sdk/src/rp2_common/hardware_flash/flash.c.o
                0x10004c2c                flash_get_unique_id
 .text.dcd_init
                0x10004c68       0x90 CMakeFiles/main.dir/usr/share/pico-sdk/lib/tinyusb/src/portable/raspberrypi/rp2040/dcd_rp2040.c.o
                0x10004c68                dcd_init
 .text.dcd_int_enable
                0x10004cf8        0xc CMakeFiles/main.dir/usr/share/pico-sdk/lib/tinyusb/src/portable/raspberrypi/rp2040/dcd_rp2040.c.o
                0x10004cf8                dcd_int_enable
 .text.dcd_set_address
                0x10004d04       0x14 CMakeFiles/main.dir/usr/share/pico-sdk/lib/tinyusb/src/portable/raspberrypi/rp2040/dcd_rp2040.c.o
                0x10004d04                dcd_set_address
 .text.dcd_sof_enable
                0x10004d18       0x1c CMakeFiles/main.dir/usr/share/pico-sdk/lib/tinyusb/src/portable/raspberrypi/rp2040/dcd_rp2040.c.o
                0x10004d18                dcd_sof_enable
 .text.dcd_edpt0_status_complete
                0x10004d34       0x1c CMakeFiles/main.dir/usr/share/pico-sdk/lib/tinyusb/src/portable/raspberrypi/rp2040/dcd_rp2040.c.o
                0x10004d34                dcd_edpt0_status_complete
 .text.dcd_edpt_open
                0x10004d50      0x114 CMakeFiles/main.dir/usr/share/pico-sdk/lib/tinyusb/src/portable/raspberrypi/rp2040/dcd_rp2040.c.o
                0x10004d50                dcd_edpt_open
 .text.dcd_edpt_close_all
                0x10004e64        0x8 CMakeFiles/main.dir/usr/share/pico-sdk/lib/tinyusb/src/portable/raspberrypi/rp2040/dcd_rp2040.c.o
                0x10004e64                dcd_edpt_close_all
 .text.dcd_edpt_xfer
                0x10004e6c       0x24 CMakeFiles/main.dir/usr/share/pico-sdk/lib/tinyusb/src/portable/raspberrypi/rp2040/dcd_rp2040.c.o
                0x10004e6c                dcd_edpt_xfer
 .text.dcd_edpt_stall
                0x10004e90       0x3c CMakeFiles/main.dir/usr/share/pico-sdk/lib/tinyusb/src/portable/raspberrypi/rp2040/dcd_rp2040.c.o
                0x10004e90                dcd_edpt_stall
 .text.dcd_edpt_clear_stall
                0x10004ecc       0x30 CMakeFiles/main.dir/usr/share/pico-sdk/lib/tinyusb/src/portable/raspberrypi/rp2040/dcd_rp2040.c.o
                0x10004ecc                dcd_edpt_clear_stall
 .text.rp2040_usb_init
                0x10004efc       0x40 CMakeFiles/main.dir/usr/share/pico-sdk/lib/tinyusb/src/portable/raspberrypi/rp2040/rp2040_usb.c.o
                0x10004efc                rp2040_usb_init
 .text.hw_endpoint_xfer_start
                0x10004f3c       0x40 CMakeFiles/main.dir/usr/share/pico-sdk/lib/tinyusb/src/portable/raspberrypi/rp2040/rp2040_usb.c.o
                0x10004f3c                hw_endpoint_xfer_start
 .text.tud_event_hook_cb
                0x10004f7c        0x4 CMakeFiles/main.dir/usr/share/pico-sdk/lib/tinyusb/src/device/usbd.c.o
                0x10004f7c                tud_event_hook_cb
 .text.tud_sof_cb
                0x10004f80        0x4 CMakeFiles/main.dir/usr/share/pico-sdk/lib/tinyusb/src/device/usbd.c.o
                0x10004f80                tud_sof_cb
 .text.tud_descriptor_device_qualifier_cb
                0x10004f84        0x4 CMakeFiles/main.dir/usr/share/pico-sdk/lib/tinyusb/src/device/usbd.c.o
                0x10004f84                tud_descriptor_device_qualifier_cb
 .text.tud_descriptor_other_speed_configuration_cb
                0x10004f88        0x4 CMakeFiles/main.dir/usr/share/pico-sdk/lib/tinyusb/src/device/usbd.c.o
                0x10004f88                tud_descriptor_other_speed_configuration_cb
 .text.tud_mount_cb
                0x10004f8c        0x4 CMakeFiles/main.dir/usr/share/pico-sdk/lib/tinyusb/src/device/usbd.c.o
                0x10004f8c                tud_mount_cb
 .text.tud_umount_cb
                0x10004f90        0x4 CMakeFiles/main.dir/usr/share/pico-sdk/lib/tinyusb/src/device/usbd.c.o
                0x10004f90                tud_umount_cb
 .text.tud_suspend_cb
                0x10004f94        0x4 CMakeFiles/main.dir/usr/share/pico-sdk/lib/tinyusb/src/device/usbd.c.o
                0x10004f94                tud_suspend_cb
 .text.tud_resume_cb
                0x10004f98        0x4 CMakeFiles/main.dir/usr/share/pico-sdk/lib/tinyusb/src/device/usbd.c.o
                0x10004f98                tud_resume_cb
 .text.tud_mounted
                0x10004f9c       0x10 CMakeFiles/main.dir/usr/share/pico-sdk/lib/tinyusb/src/device/usbd.c.o
                0x10004f9c                tud_mounted
 .text.tud_suspended
                0x10004fac       0x10 CMakeFiles/main.dir/usr/share/pico-sdk/lib/tinyusb/src/device/usbd.c.o
                0x10004fac                tud_suspended
 .text.tud_rhport_init
                0x10004fbc       0xf4 CMakeFiles/main.dir/usr/share/pico-sdk/lib/tinyusb/src/device/usbd.c.o
                0x10004fbc                tud_rhport_init
 .text.tud_task_ext
                0x100050b0      0x800 CMakeFiles/main.dir/usr/share/pico-sdk/lib/tinyusb/src/device/usbd.c.o
                0x100050b0                tud_task_ext
 .text.usbd_open_edpt_pair
                0x100058b0       0x9c CMakeFiles/main.dir/usr/share/pico-sdk/lib/tinyusb/src/device/usbd.c.o
                0x100058b0                usbd_open_edpt_pair
 .text.usbd_edpt_open
                0x1000594c       0x34 CMakeFiles/main.dir/usr/share/pico-sdk/lib/tinyusb/src/device/usbd.c.o
                0x1000594c                usbd_edpt_open
 .text.usbd_edpt_claim
                0x10005980       0x28 CMakeFiles/main.dir/usr/share/pico-sdk/lib/tinyusb/src/device/usbd.c.o
                0x10005980                usbd_edpt_claim
 .text.usbd_edpt_release
                0x100059a8       0x28 CMakeFiles/main.dir/usr/share/pico-sdk/lib/tinyusb/src/device/usbd.c.o
                0x100059a8                usbd_edpt_release
 .text.usbd_edpt_xfer
                0x100059d0       0x4c CMakeFiles/main.dir/usr/share/pico-sdk/lib/tinyusb/src/device/usbd.c.o
                0x100059d0                usbd_edpt_xfer
 .text.tud_control_status
                0x10005a1c       0x2c CMakeFiles/main.dir/usr/share/pico-sdk/lib/tinyusb/src/device/usbd_control.c.o
                0x10005a1c                tud_control_status
 .text.tud_control_xfer
                0x10005a48       0xa8 CMakeFiles/main.dir/usr/share/pico-sdk/lib/tinyusb/src/device/usbd_control.c.o
                0x10005a48                tud_control_xfer
 .text.usbd_control_reset
                0x10005af0       0x14 CMakeFiles/main.dir/usr/share/pico-sdk/lib/tinyusb/src/device/usbd_control.c.o
                0x10005af0                usbd_control_reset
 .text.usbd_control_set_complete_callback
                0x10005b04        0xc CMakeFiles/main.dir/usr/share/pico-sdk/lib/tinyusb/src/device/usbd_control.c.o
                0x10005b04                usbd_control_set_complete_callback
 .text.usbd_control_set_request
                0x10005b10       0x1c CMakeFiles/main.dir/usr/share/pico-sdk/lib/tinyusb/src/device/usbd_control.c.o
                0x10005b10                usbd_control_set_request
 .text.usbd_control_xfer_cb
                0x10005b2c       0xec CMakeFiles/main.dir/usr/share/pico-sdk/lib/tinyusb/src/device/usbd_control.c.o
                0x10005b2c                usbd_control_xfer_cb
 .text._prep_out_transaction.isra.0
                0x10005c18       0x6c CMakeFiles/main.dir/usr/share/pico-sdk/lib/tinyusb/src/class/cdc/cdc_device.c.o
 .text.tud_cdc_n_connected
                0x10005c84       0x2c CMakeFiles/main.dir/usr/share/pico-sdk/lib/tinyusb/src/class/cdc/cdc_device.c.o
                0x10005c84                tud_cdc_n_connected
 .text.tud_cdc_n_available
                0x10005cb0       0x14 CMakeFiles/main.dir/usr/share/pico-sdk/lib/tinyusb/src/class/cdc/cdc_device.c.o
                0x10005cb0                tud_cdc_n_available
 .text.tud_cdc_n_read
                0x10005cc4       0x88 CMakeFiles/main.dir/usr/share/pico-sdk/lib/tinyusb/src/class/cdc/cdc_device.c.o
                0x10005cc4                tud_cdc_n_read
 .text.tud_cdc_n_write_flush
                0x10005d4c       0x74 CMakeFiles/main.dir/usr/share/pico-sdk/lib/tinyusb/src/class/cdc/cdc_device.c.o
                0x10005d4c                tud_cdc_n_write_flush
 .text.tud_cdc_n_write
                0x10005dc0       0x40 CMakeFiles/main.dir/usr/share/pico-sdk/lib/tinyusb/src/class/cdc/cdc_device.c.o
                0x10005dc0                tud_cdc_n_write
 .text.tud_cdc_n_write_available
                0x10005e00       0x14 CMakeFiles/main.dir/usr/share/pico-sdk/lib/tinyusb/src/class/cdc/cdc_device.c.o
                0x10005e00                tud_cdc_n_write_available
 .text.cdcd_init
                0x10005e14       0x70 CMakeFiles/main.dir/usr/share/pico-sdk/lib/tinyusb/src/class/cdc/cdc_device.c.o
                0x10005e14                cdcd_init
 .text.cdcd_deinit
                0x10005e84       0x30 CMakeFiles/main.dir/usr/share/pico-sdk/lib/tinyusb/src/class/cdc/cdc_device.c.o
                0x10005e84                cdcd_deinit
 .text.cdcd_reset
                0x10005eb4       0x4c CMakeFiles/main.dir/usr/share/pico-sdk/lib/tinyusb/src/class/cdc/cdc_device.c.o
                0x10005eb4                cdcd_reset
 .text.cdcd_open
                0x10005f00       0xa4 CMakeFiles/main.dir/usr/share/pico-sdk/lib/tinyusb/src/class/cdc/cdc_device.c.o
                0x10005f00                cdcd_open
 .text.cdcd_control_xfer_cb
                0x10005fa4       0xe8 CMakeFiles/main.dir/usr/share/pico-sdk/lib/tinyusb/src/class/cdc/cdc_device.c.o
                0x10005fa4                cdcd_control_xfer_cb
 .text.cdcd_xfer_cb
                0x1000608c      0x100 CMakeFiles/main.dir/usr/share/pico-sdk/lib/tinyusb/src/class/cdc/cdc_device.c.o
                0x1000608c                cdcd_xfer_cb
 .text.vendord_init
                0x1000618c       0x5c CMakeFiles/main.dir/usr/share/pico-sdk/lib/tinyusb/src/class/vendor/vendor_device.c.o
                0x1000618c                vendord_init
 .text.vendord_deinit
                0x100061e8       0x1c CMakeFiles/main.dir/usr/share/pico-sdk/lib/tinyusb/src/class/vendor/vendor_device.c.o
                0x100061e8                vendord_deinit
 .text.vendord_reset
                0x10006204       0x28 CMakeFiles/main.dir/usr/share/pico-sdk/lib/tinyusb/src/class/vendor/vendor_device.c.o
                0x10006204                vendord_reset
 .text.vendord_open
                0x1000622c      0x120 CMakeFiles/main.dir/usr/share/pico-sdk/lib/tinyusb/src/class/vendor/vendor_device.c.o
                0x1000622c                vendord_open
 .text.vendord_xfer_cb
                0x1000634c       0x9c CMakeFiles/main.dir/usr/share/pico-sdk/lib/tinyusb/src/class/vendor/vendor_device.c.o
                0x1000634c                vendord_xfer_cb
 .text.tusb_rhport_init
                0x100063e8       0x4c CMakeFiles/main.dir/usr/share/pico-sdk/lib/tinyusb/src/tusb.c.o
                0x100063e8                tusb_rhport_init
 .text.tu_edpt_claim
                0x10006434       0x50 CMakeFiles/main.dir/usr/share/pico-sdk/lib/tinyusb/src/tusb.c.o
                0x10006434                tu_edpt_claim
 .text.tu_edpt_release
                0x10006484       0x38 CMakeFiles/main.dir/usr/share/pico-sdk/lib/tinyusb/src/tusb.c.o
                0x10006484                tu_edpt_release
 .text.tu_edpt_validate
                0x100064bc       0x7c CMakeFiles/main.dir/usr/share/pico-sdk/lib/tinyusb/src/tusb.c.o
                0x100064bc                tu_edpt_validate
 .text.tu_edpt_bind_driver
                0x10006538       0x34 CMakeFiles/main.dir/usr/share/pico-sdk/lib/tinyusb/src/tusb.c.o
                0x10006538                tu_edpt_bind_driver
 .text.tu_edpt_stream_init
                0x1000656c       0x6c CMakeFiles/main.dir/usr/share/pico-sdk/lib/tinyusb/src/tusb.c.o
                0x1000656c                tu_edpt_stream_init
 .text.tu_edpt_stream_deinit
                0x100065d8        0x4 CMakeFiles/main.dir/usr/share/pico-sdk/lib/tinyusb/src/tusb.c.o
                0x100065d8                tu_edpt_stream_deinit
 .text.tu_edpt_stream_write_zlp_if_needed
                0x100065dc       0x68 CMakeFiles/main.dir/usr/share/pico-sdk/lib/tinyusb/src/tusb.c.o
                0x100065dc                tu_edpt_stream_write_zlp_if_needed
 .text.tu_edpt_stream_write_xfer
                0x10006644       0x68 CMakeFiles/main.dir/usr/share/pico-sdk/lib/tinyusb/src/tusb.c.o
                0x10006644                tu_edpt_stream_write_xfer
 .text.tu_edpt_stream_read_xfer
                0x100066ac       0xd8 CMakeFiles/main.dir/usr/share/pico-sdk/lib/tinyusb/src/tusb.c.o
                0x100066ac                tu_edpt_stream_read_xfer
 .text.tu_fifo_config
                0x10006784       0x6c CMakeFiles/main.dir/usr/share/pico-sdk/lib/tinyusb/src/common/tusb_fifo.c.o
                0x10006784                tu_fifo_config
 .text.tu_fifo_count
                0x100067f0       0x2c CMakeFiles/main.dir/usr/share/pico-sdk/lib/tinyusb/src/common/tusb_fifo.c.o
                0x100067f0                tu_fifo_count
 .text.tu_fifo_empty
                0x1000681c       0x10 CMakeFiles/main.dir/usr/share/pico-sdk/lib/tinyusb/src/common/tusb_fifo.c.o
                0x1000681c                tu_fifo_empty
 .text.tu_fifo_remaining
                0x1000682c       0x2c CMakeFiles/main.dir/usr/share/pico-sdk/lib/tinyusb/src/common/tusb_fifo.c.o
                0x1000682c                tu_fifo_remaining
 .text.tu_fifo_read
                0x10006858       0x9c CMakeFiles/main.dir/usr/share/pico-sdk/lib/tinyusb/src/common/tusb_fifo.c.o
                0x10006858                tu_fifo_read
 .text.tu_fifo_read_n
                0x100068f4       0xe8 CMakeFiles/main.dir/usr/share/pico-sdk/lib/tinyusb/src/common/tusb_fifo.c.o
                0x100068f4                tu_fifo_read_n
 .text.tu_fifo_write
                0x100069dc       0xa4 CMakeFiles/main.dir/usr/share/pico-sdk/lib/tinyusb/src/common/tusb_fifo.c.o
                0x100069dc                tu_fifo_write
 .text.tu_fifo_write_n
                0x10006a80      0x178 CMakeFiles/main.dir/usr/share/pico-sdk/lib/tinyusb/src/common/tusb_fifo.c.o
                0x10006a80                tu_fifo_write_n
 .text.tu_fifo_clear
                0x10006bf8       0x40 CMakeFiles/main.dir/usr/share/pico-sdk/lib/tinyusb/src/common/tusb_fifo.c.o
                0x10006bf8                tu_fifo_clear
 .text.tu_fifo_set_overwritable
                0x10006c38       0x48 CMakeFiles/main.dir/usr/share/pico-sdk/lib/tinyusb/src/common/tusb_fifo.c.o
                0x10006c38                tu_fifo_set_overwritable
 .text.i2c_read_blocking_internal.constprop.0
                0x10006c80       0x98 CMakeFiles/main.dir/usr/share/pico-sdk/src/rp2_common/hardware_i2c/i2c.c.o
 .text.i2c_write_blocking_internal.constprop.0
                0x10006d18       0xf8 CMakeFiles/main.dir/usr/share/pico-sdk/src/rp2_common/hardware_i2c/i2c.c.o
 .text.i2c_set_baudrate
                0x10006e10       0xc0 CMakeFiles/main.dir/usr/share/pico-sdk/src/rp2_common/hardware_i2c/i2c.c.o
                0x10006e10                i2c_set_baudrate
 .text.i2c_init
                0x10006ed0       0x50 CMakeFiles/main.dir/usr/share/pico-sdk/src/rp2_common/hardware_i2c/i2c.c.o
                0x10006ed0                i2c_init
 .text.i2c_write_blocking
                0x10006f20       0x14 CMakeFiles/main.dir/usr/share/pico-sdk/src/rp2_common/hardware_i2c/i2c.c.o
                0x10006f20                i2c_write_blocking
 .text.i2c_read_blocking
                0x10006f34       0x14 CMakeFiles/main.dir/usr/share/pico-sdk/src/rp2_common/hardware_i2c/i2c.c.o
                0x10006f34                i2c_read_blocking
 .text.DEV_I2C_WriteByte
                0x10006f48       0x24 lib/Config/libConfig.a(DEV_Config.c.o)
                0x10006f48                DEV_I2C_WriteByte
 .text.DEV_I2C_ReadByte
                0x10006f6c       0x38 lib/Config/libConfig.a(DEV_Config.c.o)
                0x10006f6c                DEV_I2C_ReadByte
 .text.DEV_Delay_ms
                0x10006fa4        0x8 lib/Config/libConfig.a(DEV_Config.c.o)
                0x10006fa4                DEV_Delay_ms
 .text.DEV_Module_Init
                0x10006fac       0x68 lib/Config/libConfig.a(DEV_Config.c.o)
                0x10006fac                DEV_Module_Init
 .text.Motor_Init
                0x10007014       0x10 lib/Devices/libDevices.a(MotorDriver.c.o)
                0x10007014                Motor_Init
 .text.Motor_Run
                0x10007024       0x40 lib/Devices/libDevices.a(MotorDriver.c.o)
                0x10007024                Motor_Run
 .text.Motor_Stop
                0x10007064       0x18 lib/Devices/libDevices.a(MotorDriver.c.o)
                0x10007064                Motor_Stop
 .text.PCA9685_Init
                0x1000707c       0x14 lib/Devices/libDevices.a(PCA9685.c.o)
                0x1000707c                PCA9685_Init
 .text.PCA9685_SetPWMFreq
                0x10007090       0xa4 lib/Devices/libDevices.a(PCA9685.c.o)
                0x10007090                PCA9685_SetPWMFreq
 .text.PCA9685_SetPwmDutyCycle
                0x10007134       0x4c lib/Devices/libDevices.a(PCA9685.c.o)
                0x10007134                PCA9685_SetPwmDutyCycle
 .text.PCA9685_SetLevel
                0x10007180       0x74 lib/Devices/libDevices.a(PCA9685.c.o)
                0x10007180                PCA9685_SetLevel
 .text.atexit   0x100071f4       0x10 /usr/lib/gcc/arm-none-eabi/14.2.0/../../../../arm-none-eabi/lib/thumb/v6-m/nofp/libg.a(libc_a-atexit.o)
                0x100071f4                atexit
 .text.__libc_fini_array
                0x10007204       0x28 /usr/lib/gcc/arm-none-eabi/14.2.0/../../../../arm-none-eabi/lib/thumb/v6-m/nofp/libg.a(libc_a-fini.o)
                0x10007204                __libc_fini_array
 .text.__retarget_lock_acquire_recursive
                0x1000722c        0x4 /usr/lib/gcc/arm-none-eabi/14.2.0/../../../../arm-none-eabi/lib/thumb/v6-m/nofp/libg.a(libc_a-lock.o)
                0x1000722c                __retarget_lock_acquire_recursive
 .text.__retarget_lock_release_recursive
                0x10007230        0x4 /usr/lib/gcc/arm-none-eabi/14.2.0/../../../../arm-none-eabi/lib/thumb/v6-m/nofp/libg.a(libc_a-lock.o)
                0x10007230                __retarget_lock_release_recursive
 .text.strlen   0x10007234       0x5c /usr/lib/gcc/arm-none-eabi/14.2.0/../../../../arm-none-eabi/lib/thumb/v6-m/nofp/libg.a(libc_a-strlen-stub.o)
                0x10007234                strlen
 .text.__register_exitproc
                0x10007290       0xa8 /usr/lib/gcc/arm-none-eabi/14.2.0/../../../../arm-none-eabi/lib/thumb/v6-m/nofp/libg.a(libc_a-__atexit.o)
                0x10007290                __register_exitproc
 .text.startup.register_fini
                0x10007338       0x18 /usr/lib/gcc/arm-none-eabi/14.2.0/../../../../arm-none-eabi/lib/thumb/v6-m/nofp/libg.a(libc_a-__call_atexit.o)
 *(.fini)
 .fini          0x10007350        0x4 /usr/lib/gcc/arm-none-eabi/14.2.0/thumb/v6-m/nofp/crti.o
                0x10007350                _fini
 *fill*         0x10007354        0x4 
 .fini.__stub   0x10007358       0xc0 linker stubs
 *crtbegin.o(.ctors)
 *crtbegin?.o(.ctors)
 *(EXCLUDE_FILE(*crtend.o *crtend?.o) .ctors)
 *(SORT_BY_NAME(.ctors.*))
 *(.ctors)
 *crtbegin.o(.dtors)
 *crtbegin?.o(.dtors)
 *(EXCLUDE_FILE(*crtend.o *crtend?.o) .dtors)
 *(SORT_BY_NAME(.dtors.*))
 *(.dtors)
                0x10007418                        . = ALIGN (0x4)
                0x10007418                        PROVIDE (__preinit_array_start = .)
 *(SORT_BY_NAME(.preinit_array.*))
 .preinit_array.00100
                0x10007418        0x4 CMakeFiles/main.dir/usr/share/pico-sdk/src/rp2_common/pico_runtime_init/runtime_init.c.o
                0x10007418                __pre_init_runtime_init_early_resets
 .preinit_array.00101
                0x1000741c        0x4 CMakeFiles/main.dir/usr/share/pico-sdk/src/rp2_common/pico_runtime_init/runtime_init.c.o
                0x1000741c                __pre_init_runtime_init_usb_power_down
 .preinit_array.00275
                0x10007420        0x4 CMakeFiles/main.dir/usr/share/pico-sdk/src/rp2_common/pico_bit_ops/bit_ops_aeabi.S.o
 .preinit_array.00300
                0x10007424        0x4 CMakeFiles/main.dir/usr/share/pico-sdk/src/rp2_common/pico_mem_ops/mem_ops_aeabi.S.o
 .preinit_array.00350
                0x10007428        0x4 CMakeFiles/main.dir/usr/share/pico-sdk/src/rp2_common/pico_double/double_aeabi_rp2040.S.o
 .preinit_array.00350
                0x1000742c        0x4 CMakeFiles/main.dir/usr/share/pico-sdk/src/rp2_common/pico_float/float_aeabi_rp2040.S.o
 .preinit_array.00500
                0x10007430        0x4 CMakeFiles/main.dir/usr/share/pico-sdk/src/rp2_common/pico_runtime_init/runtime_init.c.o
                0x10007430                __pre_init_runtime_init_clocks
 .preinit_array.00600
                0x10007434        0x4 CMakeFiles/main.dir/usr/share/pico-sdk/src/rp2_common/pico_runtime_init/runtime_init.c.o
                0x10007434                __pre_init_runtime_init_post_clock_resets
 .preinit_array.00700
                0x10007438        0x4 CMakeFiles/main.dir/usr/share/pico-sdk/src/rp2_common/pico_runtime_init/runtime_init.c.o
                0x10007438                __pre_init_runtime_init_rp2040_gpio_ie_disable
 .preinit_array.01000
                0x1000743c        0x4 CMakeFiles/main.dir/usr/share/pico-sdk/src/rp2_common/pico_runtime_init/runtime_init.c.o
                0x1000743c                __pre_init_runtime_init_spin_locks_reset
 .preinit_array.01100
                0x10007440        0x4 CMakeFiles/main.dir/usr/share/pico-sdk/src/common/pico_sync/mutex.c.o
                0x10007440                __pre_init_runtime_init_mutex
 .preinit_array.10080
                0x10007444        0x4 CMakeFiles/main.dir/usr/share/pico-sdk/src/rp2_common/pico_runtime_init/runtime_init.c.o
                0x10007444                __pre_init_runtime_init_install_ram_vector_table
 .preinit_array.11000
                0x10007448        0x4 CMakeFiles/main.dir/usr/share/pico-sdk/src/common/pico_time/time.c.o
                0x10007448                __pre_init_runtime_init_default_alarm_pool
 .preinit_array.YYYYY
                0x1000744c        0x4 CMakeFiles/main.dir/usr/share/pico-sdk/src/rp2_common/pico_runtime/runtime.c.o
                0x1000744c                __pre_init_first_per_core_initializer
 .preinit_array.ZZZZZ.01200
                0x10007450        0x4 CMakeFiles/main.dir/usr/share/pico-sdk/src/rp2_common/hardware_irq/irq.c.o
                0x10007450                __pre_init_runtime_init_per_core_irq_priorities
 *(.preinit_array)
                0x10007454                        PROVIDE (__preinit_array_end = .)
                0x10007454                        . = ALIGN (0x4)
                0x10007454                        PROVIDE (__init_array_start = .)
 *(SORT_BY_NAME(.init_array.*))
 .init_array.00000
                0x10007454        0x4 /usr/lib/gcc/arm-none-eabi/14.2.0/../../../../arm-none-eabi/lib/thumb/v6-m/nofp/libg.a(libc_a-__call_atexit.o)
 *(.init_array)
 .init_array    0x10007458        0x4 /usr/lib/gcc/arm-none-eabi/14.2.0/thumb/v6-m/nofp/crtbegin.o
 .init_array    0x1000745c        0x4 CMakeFiles/main.dir/usr/share/pico-sdk/src/rp2_common/pico_unique_id/unique_id.c.o
                0x10007460                        PROVIDE (__init_array_end = .)
                0x10007460                        . = ALIGN (0x4)
                0x10007460                        PROVIDE (__fini_array_start = .)
 *(SORT_BY_NAME(.fini_array.*))
 *(.fini_array)
                0x10007460                        PROVIDE (__fini_array_end = .)
 *(.eh_frame*)
 .eh_frame      0x10007460        0x0 /usr/lib/gcc/arm-none-eabi/14.2.0/thumb/v6-m/nofp/crtbegin.o
                0x10007460                        . = ALIGN (0x4)

.glue_7         0x10007460        0x0
 .glue_7        0x10007460        0x0 linker stubs

.glue_7t        0x10007460        0x0
 .glue_7t       0x10007460        0x0 linker stubs

.vfp11_veneer   0x10007460        0x0
 .vfp11_veneer  0x10007460        0x0 linker stubs

.v4_bx          0x10007460        0x0
 .v4_bx         0x10007460        0x0 linker stubs

.iplt           0x10007460        0x0
 .iplt          0x10007460        0x0 /usr/lib/gcc/arm-none-eabi/14.2.0/thumb/v6-m/nofp/crtbegin.o

.rodata         0x10007460      0x694
 *(EXCLUDE_FILE(*libm.a: *libc.a:*lib_a-mem*.o *libgcc.a:) .rodata*)
 .rodata.Motor  0x10007460       0x34 CMakeFiles/main.dir/main.c.o
 .rodata.main.str1.4
                0x10007494      0x1b9 CMakeFiles/main.dir/main.c.o
                                 0x23 (size before relaxing)
 .rodata.panic.str1.4
                0x1000764d       0x12 CMakeFiles/main.dir/usr/share/pico-sdk/src/rp2_common/pico_platform_panic/panic.c.o
 .rodata.spin_lock_claim_unused.str1.4
                0x1000764d       0x1b CMakeFiles/main.dir/usr/share/pico-sdk/src/rp2_common/hardware_sync/sync.c.o
 .rodata.user_irq_claim_unused.str1.4
                0x1000764d       0x1b CMakeFiles/main.dir/usr/share/pico-sdk/src/rp2_common/hardware_irq/irq.c.o
 .rodata.timer_hardware_alarm_claim.str1.4
                0x1000764d       0x22 CMakeFiles/main.dir/usr/share/pico-sdk/src/rp2_common/hardware_timer/timer.c.o
 .rodata.hard_assertion_failure.str1.4
                0x1000764d        0xc CMakeFiles/main.dir/usr/share/pico-sdk/src/rp2_common/pico_runtime/runtime.c.o
 .rodata.str1.4
                0x1000764d       0x3c CMakeFiles/main.dir/usr/share/pico-sdk/src/rp2_common/pico_standard_binary_info/standard_binary_info.c.o
 *fill*         0x1000764d        0x3 
 .rodata.__bi_84
                0x10007650        0xc CMakeFiles/main.dir/usr/share/pico-sdk/src/rp2_common/pico_standard_binary_info/standard_binary_info.c.o
 .rodata.__bi_78
                0x1000765c        0xc CMakeFiles/main.dir/usr/share/pico-sdk/src/rp2_common/pico_standard_binary_info/standard_binary_info.c.o
 .rodata.__bi_54
                0x10007668        0xc CMakeFiles/main.dir/usr/share/pico-sdk/src/rp2_common/pico_standard_binary_info/standard_binary_info.c.o
 .rodata.__bi_48
                0x10007674        0xc CMakeFiles/main.dir/usr/share/pico-sdk/src/rp2_common/pico_standard_binary_info/standard_binary_info.c.o
 .rodata.__bi_42
                0x10007680        0xc CMakeFiles/main.dir/usr/share/pico-sdk/src/rp2_common/pico_standard_binary_info/standard_binary_info.c.o
 .rodata.__bi_34
                0x1000768c        0xc CMakeFiles/main.dir/usr/share/pico-sdk/src/rp2_common/pico_standard_binary_info/standard_binary_info.c.o
 .rodata.__bi_26
                0x10007698        0xc CMakeFiles/main.dir/usr/share/pico-sdk/src/rp2_common/pico_standard_binary_info/standard_binary_info.c.o
 .rodata._ftoa.str1.4
                0x100076a4       0x15 CMakeFiles/main.dir/usr/share/pico-sdk/src/rp2_common/pico_printf/printf.c.o
 .rodata._vsnprintf
                0x100076a4      0x19c CMakeFiles/main.dir/usr/share/pico-sdk/src/rp2_common/pico_printf/printf.c.o
 .rodata.pow10.0
                0x10007840       0x50 CMakeFiles/main.dir/usr/share/pico-sdk/src/rp2_common/pico_printf/printf.c.o
 .rodata.crlf_str.0
                0x10007890        0x2 CMakeFiles/main.dir/usr/share/pico-sdk/src/rp2_common/pico_stdio/stdio.c.o
 *fill*         0x10007892        0x2 
 .rodata._resetd_driver
                0x10007894       0x20 CMakeFiles/main.dir/usr/share/pico-sdk/src/rp2_common/pico_stdio_usb/reset_interface.c.o
 .rodata.desc_ms_os_20
                0x100078b4       0xa6 CMakeFiles/main.dir/usr/share/pico-sdk/src/rp2_common/pico_stdio_usb/reset_interface.c.o
 *fill*         0x1000795a        0x2 
 .rodata.desc_bos
                0x1000795c       0x21 CMakeFiles/main.dir/usr/share/pico-sdk/src/rp2_common/pico_stdio_usb/reset_interface.c.o
                0x1000795c                desc_bos
 .rodata.str1.4
                0x1000797d       0x13 CMakeFiles/main.dir/usr/share/pico-sdk/src/rp2_common/pico_stdio_usb/stdio_usb.c.o
 *fill*         0x1000797d        0x3 
 .rodata.__bi_197.0
                0x10007980        0xc CMakeFiles/main.dir/usr/share/pico-sdk/src/rp2_common/pico_stdio_usb/stdio_usb.c.o
 .rodata.str1.4
                0x1000798c       0x2a CMakeFiles/main.dir/usr/share/pico-sdk/src/rp2_common/pico_stdio_usb/stdio_usb_descriptors.c.o
 .rodata.usbd_desc_str
                0x1000798c       0x18 CMakeFiles/main.dir/usr/share/pico-sdk/src/rp2_common/pico_stdio_usb/stdio_usb_descriptors.c.o
 .rodata.usbd_desc_cfg
                0x100079a4       0x54 CMakeFiles/main.dir/usr/share/pico-sdk/src/rp2_common/pico_stdio_usb/stdio_usb_descriptors.c.o
 .rodata.usbd_desc_device
                0x100079f8       0x12 CMakeFiles/main.dir/usr/share/pico-sdk/src/rp2_common/pico_stdio_usb/stdio_usb_descriptors.c.o
 .rodata.str1.4
                0x10007a0a       0x14 CMakeFiles/main.dir/usr/share/pico-sdk/lib/tinyusb/src/portable/raspberrypi/rp2040/dcd_rp2040.c.o
 .rodata.str1.4
                0x10007a0a       0x48 CMakeFiles/main.dir/usr/share/pico-sdk/lib/tinyusb/src/portable/raspberrypi/rp2040/rp2040_usb.c.o
 *fill*         0x10007a0a        0x2 
 .rodata.tud_task_ext
                0x10007a0c       0x8c CMakeFiles/main.dir/usr/share/pico-sdk/lib/tinyusb/src/device/usbd.c.o
 .rodata        0x10007a98       0x1c CMakeFiles/main.dir/usr/share/pico-sdk/lib/tinyusb/src/device/usbd.c.o
 .rodata._usbd_driver
                0x10007ab4       0x40 CMakeFiles/main.dir/usr/share/pico-sdk/lib/tinyusb/src/device/usbd.c.o
 .rodata.DEV_Module_Init.str1.4
                0x10007af4       0x25 lib/Config/libConfig.a(DEV_Config.c.o)
                0x10007b1c                        . = ALIGN (0x4)
 *(SORT_BY_ALIGNMENT(SORT_BY_NAME(.flashdata*)))
                0x10007b1c                        . = ALIGN (0x4)

.ARM.extab
 *(.ARM.extab* .gnu.linkonce.armextab.*)
                0x10007af4                        __exidx_start = .

.ARM.exidx
 *(.ARM.exidx* .gnu.linkonce.armexidx.*)
                0x10007af4                        __exidx_end = .
                0x10007b1c                        . = ALIGN (0x4)
                0x10007af4                        __binary_info_start = .

.binary_info    0x10007af4       0x20
 *(.binary_info.keep.*)
 .binary_info.keep.__bi_ptr84
                0x10007af4        0x4 CMakeFiles/main.dir/usr/share/pico-sdk/src/rp2_common/pico_standard_binary_info/standard_binary_info.c.o
 .binary_info.keep.__bi_ptr78
                0x10007af8        0x4 CMakeFiles/main.dir/usr/share/pico-sdk/src/rp2_common/pico_standard_binary_info/standard_binary_info.c.o
 .binary_info.keep.__bi_ptr54
                0x10007afc        0x4 CMakeFiles/main.dir/usr/share/pico-sdk/src/rp2_common/pico_standard_binary_info/standard_binary_info.c.o
 .binary_info.keep.__bi_ptr48
                0x10007b00        0x4 CMakeFiles/main.dir/usr/share/pico-sdk/src/rp2_common/pico_standard_binary_info/standard_binary_info.c.o
 .binary_info.keep.__bi_ptr42
                0x10007b04        0x4 CMakeFiles/main.dir/usr/share/pico-sdk/src/rp2_common/pico_standard_binary_info/standard_binary_info.c.o
 .binary_info.keep.__bi_ptr34
                0x10007b08        0x4 CMakeFiles/main.dir/usr/share/pico-sdk/src/rp2_common/pico_standard_binary_info/standard_binary_info.c.o
 .binary_info.keep.__bi_ptr26
                0x10007b0c        0x4 CMakeFiles/main.dir/usr/share/pico-sdk/src/rp2_common/pico_standard_binary_info/standard_binary_info.c.o
 *(.binary_info.*)
 .binary_info.__bi_ptr197
                0x10007b10        0x4 CMakeFiles/main.dir/usr/share/pico-sdk/src/rp2_common/pico_stdio_usb/stdio_usb.c.o
                0x10007b14                        __binary_info_end = .

.rel.dyn        0x10007b14        0x0
 .rel.iplt      0x10007b14        0x0 /usr/lib/gcc/arm-none-eabi/14.2.0/thumb/v6-m/nofp/crtbegin.o
                0x10007b14                        . = ALIGN (0x4)

.ram_vector_table
                0x20000000       0xc0
 *(.ram_vector_table)
 .ram_vector_table
                0x20000000       0xc0 CMakeFiles/main.dir/usr/share/pico-sdk/src/rp2_common/pico_runtime_init/runtime_init.c.o
                0x20000000                ram_vector_table

.uninitialized_data
                0x200000c0        0x0
                0x200000c0                        . = ALIGN (0x4)
 *(.uninitialized_data*)

.data           0x200000c0      0xfec load address 0x10007b14
                0x200000c0                        __data_start__ = .
 *(vtable)
 *(.time_critical*)
 .time_critical.mutex_try_enter
                0x200000c0       0x40 CMakeFiles/main.dir/usr/share/pico-sdk/src/common/pico_sync/mutex.c.o
                0x200000c0                mutex_try_enter
 .time_critical.mutex_try_enter_block_until
                0x20000100       0x98 CMakeFiles/main.dir/usr/share/pico-sdk/src/common/pico_sync/mutex.c.o
                0x20000100                mutex_try_enter_block_until
 .time_critical.mutex_enter_timeout_ms
                0x20000198       0x8c CMakeFiles/main.dir/usr/share/pico-sdk/src/common/pico_sync/mutex.c.o
                0x20000198                mutex_enter_timeout_ms
 .time_critical.mutex_exit
                0x20000224       0x28 CMakeFiles/main.dir/usr/share/pico-sdk/src/common/pico_sync/mutex.c.o
                0x20000224                mutex_exit
 .time_critical.flash_init_boot2_copyout
                0x2000024c       0x30 CMakeFiles/main.dir/usr/share/pico-sdk/src/rp2_common/hardware_flash/flash.c.o
 .time_critical.flash_enable_xip_via_boot2
                0x2000027c        0xc CMakeFiles/main.dir/usr/share/pico-sdk/src/rp2_common/hardware_flash/flash.c.o
 .time_critical.flash_cs_force
                0x20000288       0x38 CMakeFiles/main.dir/usr/share/pico-sdk/src/rp2_common/hardware_flash/flash.c.o
 .time_critical.flash_do_cmd
                0x200002c0      0x130 CMakeFiles/main.dir/usr/share/pico-sdk/src/rp2_common/hardware_flash/flash.c.o
                0x200002c0                flash_do_cmd
 .time_critical.reset_non_control_endpoints
                0x200003f0       0x68 CMakeFiles/main.dir/usr/share/pico-sdk/lib/tinyusb/src/portable/raspberrypi/rp2040/dcd_rp2040.c.o
 .time_critical.hw_handle_buff_status
                0x20000458       0xa0 CMakeFiles/main.dir/usr/share/pico-sdk/lib/tinyusb/src/portable/raspberrypi/rp2040/dcd_rp2040.c.o
 .time_critical.dcd_rp2040_irq
                0x200004f8      0x548 CMakeFiles/main.dir/usr/share/pico-sdk/lib/tinyusb/src/portable/raspberrypi/rp2040/dcd_rp2040.c.o
 .time_critical.prepare_ep_buffer
                0x20000a40       0xc8 CMakeFiles/main.dir/usr/share/pico-sdk/lib/tinyusb/src/portable/raspberrypi/rp2040/rp2040_usb.c.o
 .time_critical.sync_ep_buffer
                0x20000b08       0x9c CMakeFiles/main.dir/usr/share/pico-sdk/lib/tinyusb/src/portable/raspberrypi/rp2040/rp2040_usb.c.o
 .time_critical._hw_endpoint_xfer_sync
                0x20000ba4       0x28 CMakeFiles/main.dir/usr/share/pico-sdk/lib/tinyusb/src/portable/raspberrypi/rp2040/rp2040_usb.c.o
 .time_critical.e15_is_bulkin_ep
                0x20000bcc       0x28 CMakeFiles/main.dir/usr/share/pico-sdk/lib/tinyusb/src/portable/raspberrypi/rp2040/rp2040_usb.c.o
 .time_critical.e15_is_critical_frame_period
                0x20000bf4       0x34 CMakeFiles/main.dir/usr/share/pico-sdk/lib/tinyusb/src/portable/raspberrypi/rp2040/rp2040_usb.c.o
 .time_critical.hw_endpoint_reset_transfer
                0x20000c28        0xc CMakeFiles/main.dir/usr/share/pico-sdk/lib/tinyusb/src/portable/raspberrypi/rp2040/rp2040_usb.c.o
                0x20000c28                hw_endpoint_reset_transfer
 .time_critical._hw_endpoint_buffer_control_update32
                0x20000c34       0x50 CMakeFiles/main.dir/usr/share/pico-sdk/lib/tinyusb/src/portable/raspberrypi/rp2040/rp2040_usb.c.o
                0x20000c34                _hw_endpoint_buffer_control_update32
 .time_critical.hw_endpoint_start_next_buffer
                0x20000c84       0x68 CMakeFiles/main.dir/usr/share/pico-sdk/lib/tinyusb/src/portable/raspberrypi/rp2040/rp2040_usb.c.o
                0x20000c84                hw_endpoint_start_next_buffer
 .time_critical.hw_endpoint_xfer_continue
                0x20000cec       0x40 CMakeFiles/main.dir/usr/share/pico-sdk/lib/tinyusb/src/portable/raspberrypi/rp2040/rp2040_usb.c.o
                0x20000cec                hw_endpoint_xfer_continue
 .time_critical.tinyusb
                0x20000d2c      0x1e4 CMakeFiles/main.dir/usr/share/pico-sdk/lib/tinyusb/src/device/usbd.c.o
                0x20000d2c                dcd_event_handler
 *(.text*)
 .text          0x20000f10        0x4 /usr/lib/gcc/arm-none-eabi/14.2.0/thumb/v6-m/nofp/libgcc.a(_dvmd_tls.o)
                0x20000f10                __aeabi_ldiv0
                0x20000f10                __aeabi_idiv0
 *fill*         0x20000f14        0x4 
 .text.__stub   0x20000f18       0x80 linker stubs
                0x20000f98                        . = ALIGN (0x4)
 *(.rodata*)
                0x20000f98                        . = ALIGN (0x4)
 *(.data*)
 .data.striped_spin_lock_num
                0x20000f98        0x1 CMakeFiles/main.dir/usr/share/pico-sdk/src/rp2_common/hardware_sync/sync.c.o
 *fill*         0x20000f99        0x3 
 .data          0x20000f9c       0x48 CMakeFiles/main.dir/usr/share/pico-sdk/src/rp2_common/hardware_irq/irq_handler_chain.S.o
                0x20000f9c                irq_handler_chain_slots
                0x20000fcc                irq_handler_chain_first_slot
                0x20000fd6                irq_handler_chain_remove_tail
 .data.default_alarm_pool
                0x20000fe4       0x18 CMakeFiles/main.dir/usr/share/pico-sdk/src/common/pico_time/time.c.o
 *fill*         0x20000ffc        0x4 
 .data.aeabi_bits_funcs
                0x20001000       0x10 CMakeFiles/main.dir/usr/share/pico-sdk/src/rp2_common/pico_bit_ops/bit_ops_aeabi.S.o
                0x20001000                aeabi_bits_funcs
                0x20001010                aeabi_bits_funcs_end
 .data.aeabi_mem_funcs
                0x20001010       0x10 CMakeFiles/main.dir/usr/share/pico-sdk/src/rp2_common/pico_mem_ops/mem_ops_aeabi.S.o
                0x20001010                aeabi_mem_funcs
                0x20001020                aeabi_mem_funcs_end
 .data.stdio_usb
                0x20001020       0x18 CMakeFiles/main.dir/usr/share/pico-sdk/src/rp2_common/pico_stdio_usb/stdio_usb.c.o
                0x20001020                stdio_usb
 .data._usbd_qdef
                0x20001038       0x1c CMakeFiles/main.dir/usr/share/pico-sdk/lib/tinyusb/src/device/usbd.c.o
                0x20001038                _usbd_qdef
 .data._usbd_rhport
                0x20001054        0x1 CMakeFiles/main.dir/usr/share/pico-sdk/lib/tinyusb/src/device/usbd.c.o
 *fill*         0x20001055        0x3 
 .data.i2c0_inst
                0x20001058        0x8 CMakeFiles/main.dir/usr/share/pico-sdk/src/rp2_common/hardware_i2c/i2c.c.o
                0x20001058                i2c0_inst
 .data.MotorDir
                0x20001060       0x10 lib/Devices/libDevices.a(MotorDriver.c.o)
                0x20001060                MotorDir
 .data.MotorPin
                0x20001070       0x30 lib/Devices/libDevices.a(MotorDriver.c.o)
                0x20001070                MotorPin
 .data.__atexit_recursive_mutex
                0x200010a0        0x4 /usr/lib/gcc/arm-none-eabi/14.2.0/../../../../arm-none-eabi/lib/thumb/v6-m/nofp/libg.a(libc_a-__call_atexit.o)
                0x200010a0                __atexit_recursive_mutex
                0x200010a4                        . = ALIGN (0x4)
 *(.after_data.*)
                0x200010a4                        . = ALIGN (0x4)
                0x200010a4                        PROVIDE (__mutex_array_start = .)
 *(SORT_BY_NAME(.mutex_array.*))
 *(.mutex_array)
 .mutex_array   0x200010a4        0x8 CMakeFiles/main.dir/usr/share/pico-sdk/src/rp2_common/pico_stdio/stdio.c.o
                0x200010ac                        PROVIDE (__mutex_array_end = .)
                0x200010ac                        . = ALIGN (0x4)
 *(.jcr)
                0x200010ac                        . = ALIGN (0x4)

.igot.plt       0x200010ac        0x0 load address 0x10008b00
 .igot.plt      0x200010ac        0x0 /usr/lib/gcc/arm-none-eabi/14.2.0/thumb/v6-m/nofp/crtbegin.o

.tdata          0x200010ac        0x0 load address 0x10008b00
                0x200010ac                        . = ALIGN (0x4)
 *(.tdata .tdata.* .gnu.linkonce.td.*)
                0x200010ac                        __tdata_end = .
                0x200010ac                        PROVIDE (__data_end__ = .)
                0x10007b14                        __etext = LOADADDR (.data)

.tbss           0x200010ac        0x0 load address 0x10008b00
                0x200010ac                        . = ALIGN (0x4)
                0x200010ac                        __bss_start__ = .
                0x200010ac                        __tls_base = .
 *(.tbss .tbss.* .gnu.linkonce.tb.*)
 *(.tcommon)
                0x200010ac                        __tls_end = .

.bss            0x200010b0     0x1094 load address 0x10008b00
                0x200010b0                        . = ALIGN (0x4)
                0x200010b0                        __tbss_end = .
 *(SORT_BY_ALIGNMENT(SORT_BY_NAME(.bss*)))
 .bss.default_alarm_pool_entries
                0x200010b0      0x180 CMakeFiles/main.dir/usr/share/pico-sdk/src/common/pico_time/time.c.o
 .bss.last_avail_time.1
                0x20001230        0x8 CMakeFiles/main.dir/usr/share/pico-sdk/src/rp2_common/pico_stdio_usb/stdio_usb.c.o
 .bss.sd_table  0x20001238      0x100 CMakeFiles/main.dir/usr/share/pico-sdk/src/rp2_common/pico_double/double_init_rom_rp2040.c.o
                0x20001238                sd_table
 .bss.sf_table  0x20001338      0x100 CMakeFiles/main.dir/usr/share/pico-sdk/src/rp2_common/pico_float/float_init_rom_rp2040.c.o
                0x20001338                sf_table
 .bss.__atexit  0x20001438        0x4 /usr/lib/gcc/arm-none-eabi/14.2.0/../../../../arm-none-eabi/lib/thumb/v6-m/nofp/libg.a(libc_a-__call_atexit.o)
                0x20001438                __atexit
 .bss.__atexit0
                0x2000143c      0x190 /usr/lib/gcc/arm-none-eabi/14.2.0/../../../../arm-none-eabi/lib/thumb/v6-m/nofp/libg.a(libc_a-__atexit.o)
                0x2000143c                __atexit0
 .bss.__lock___atexit_recursive_mutex
                0x200015cc        0x1 /usr/lib/gcc/arm-none-eabi/14.2.0/../../../../arm-none-eabi/lib/thumb/v6-m/nofp/libg.a(libc_a-lock.o)
                0x200015cc                __lock___atexit_recursive_mutex
 *fill*         0x200015cd        0x3 
 .bss._app_driver
                0x200015d0        0x4 CMakeFiles/main.dir/usr/share/pico-sdk/lib/tinyusb/src/device/usbd.c.o
 .bss._cdcd_epbuf
                0x200015d4       0x80 CMakeFiles/main.dir/usr/share/pico-sdk/lib/tinyusb/src/class/cdc/cdc_device.c.o
 .bss._cdcd_fifo_cfg
                0x20001654        0x1 CMakeFiles/main.dir/usr/share/pico-sdk/lib/tinyusb/src/class/cdc/cdc_device.c.o
 *fill*         0x20001655        0x3 
 .bss._cdcd_itf
                0x20001658       0xc8 CMakeFiles/main.dir/usr/share/pico-sdk/lib/tinyusb/src/class/cdc/cdc_device.c.o
 .bss._ctrl_epbuf
                0x20001720       0x40 CMakeFiles/main.dir/usr/share/pico-sdk/lib/tinyusb/src/device/usbd_control.c.o
 .bss._ctrl_xfer
                0x20001760       0x14 CMakeFiles/main.dir/usr/share/pico-sdk/lib/tinyusb/src/device/usbd_control.c.o
 .bss._tusb_rhport_role
                0x20001774        0x2 CMakeFiles/main.dir/usr/share/pico-sdk/lib/tinyusb/src/tusb.c.o
                0x20001774                _tusb_rhport_role
 *fill*         0x20001776        0x2 
 .bss._ubsd_mutexdef
                0x20001778        0x8 CMakeFiles/main.dir/usr/share/pico-sdk/lib/tinyusb/src/device/usbd.c.o
 .bss._usbd_dev
                0x20001780       0x54 CMakeFiles/main.dir/usr/share/pico-sdk/lib/tinyusb/src/device/usbd.c.o
 .bss._usbd_mutex
                0x200017d4        0x4 CMakeFiles/main.dir/usr/share/pico-sdk/lib/tinyusb/src/device/usbd.c.o
 .bss._usbd_q   0x200017d8        0x4 CMakeFiles/main.dir/usr/share/pico-sdk/lib/tinyusb/src/device/usbd.c.o
 .bss._usbd_qdef_buf
                0x200017dc       0xc0 CMakeFiles/main.dir/usr/share/pico-sdk/lib/tinyusb/src/device/usbd.c.o
                0x200017dc                _usbd_qdef_buf
 .bss._vendord_epbuf
                0x2000189c       0x80 CMakeFiles/main.dir/usr/share/pico-sdk/lib/tinyusb/src/class/vendor/vendor_device.c.o
 .bss._vendord_itf
                0x2000191c      0x24c CMakeFiles/main.dir/usr/share/pico-sdk/lib/tinyusb/src/class/vendor/vendor_device.c.o
 .bss.boot2_copyout
                0x20001b68      0x100 CMakeFiles/main.dir/usr/share/pico-sdk/src/rp2_common/hardware_flash/flash.c.o
 .bss.chars_available_callback
                0x20001c68        0x4 CMakeFiles/main.dir/usr/share/pico-sdk/src/rp2_common/pico_stdio_usb/stdio_usb.c.o
 .bss.chars_available_param
                0x20001c6c        0x4 CMakeFiles/main.dir/usr/share/pico-sdk/src/rp2_common/pico_stdio_usb/stdio_usb.c.o
 .bss.claimed   0x20001c70        0x4 CMakeFiles/main.dir/usr/share/pico-sdk/src/rp2_common/hardware_sync/sync.c.o
 .bss.claimed   0x20001c74        0x1 CMakeFiles/main.dir/usr/share/pico-sdk/src/rp2_common/hardware_timer/timer.c.o
 *fill*         0x20001c75        0x3 
 .bss.configured_freq
                0x20001c78       0x28 CMakeFiles/main.dir/usr/share/pico-sdk/src/rp2_common/hardware_clocks/clocks.c.o
 .bss.desc_str.0
                0x20001ca0       0x28 CMakeFiles/main.dir/usr/share/pico-sdk/src/rp2_common/pico_stdio_usb/stdio_usb_descriptors.c.o
 .bss.drivers   0x20001cc8        0x4 CMakeFiles/main.dir/usr/share/pico-sdk/src/rp2_common/pico_stdio/stdio.c.o
 .bss.e15_last_sof
                0x20001ccc        0x4 CMakeFiles/main.dir/usr/share/pico-sdk/lib/tinyusb/src/portable/raspberrypi/rp2040/rp2040_usb.c.o
                0x20001ccc                e15_last_sof
 .bss.filter    0x20001cd0        0x4 CMakeFiles/main.dir/usr/share/pico-sdk/src/rp2_common/pico_stdio/stdio.c.o
 .bss.hw_endpoints
                0x20001cd4      0x400 CMakeFiles/main.dir/usr/share/pico-sdk/lib/tinyusb/src/portable/raspberrypi/rp2040/dcd_rp2040.c.o
 .bss.lazy_vsnprintf
                0x200020d4        0x4 CMakeFiles/main.dir/usr/share/pico-sdk/src/rp2_common/pico_printf/printf.c.o
 .bss.load_value
                0x200020d8        0x4 CMakeFiles/main.dir/usr/share/pico-sdk/src/rp2_common/hardware_watchdog/watchdog.c.o
 .bss.next_buffer_ptr
                0x200020dc        0x4 CMakeFiles/main.dir/usr/share/pico-sdk/lib/tinyusb/src/portable/raspberrypi/rp2040/dcd_rp2040.c.o
 .bss.object.0  0x200020e0       0x18 /usr/lib/gcc/arm-none-eabi/14.2.0/thumb/v6-m/nofp/crtbegin.o
 .bss.one_shot_timer_crit_sec
                0x200020f8        0x8 CMakeFiles/main.dir/usr/share/pico-sdk/src/rp2_common/pico_stdio_usb/stdio_usb.c.o
 .bss.pools     0x20002100       0x10 CMakeFiles/main.dir/usr/share/pico-sdk/src/common/pico_time/time.c.o
 .bss.retrieved_id
                0x20002110        0x8 CMakeFiles/main.dir/usr/share/pico-sdk/src/rp2_common/pico_unique_id/unique_id.c.o
 .bss.sf_clz_func
                0x20002118        0x4 CMakeFiles/main.dir/usr/share/pico-sdk/src/rp2_common/pico_double/double_init_rom_rp2040.c.o
                0x20002118                sf_clz_func
 .bss.sleep_notifier
                0x2000211c        0x4 CMakeFiles/main.dir/usr/share/pico-sdk/src/common/pico_time/time.c.o
 .bss.stdio_usb_mutex
                0x20002120        0x8 CMakeFiles/main.dir/usr/share/pico-sdk/src/rp2_common/pico_stdio_usb/stdio_usb.c.o
 .bss.usbd_serial_str
                0x20002128       0x11 CMakeFiles/main.dir/usr/share/pico-sdk/src/rp2_common/pico_stdio_usb/stdio_usb_descriptors.c.o
 .bss.ADDR      0x20002139        0x1 lib/Devices/libDevices.a(PCA9685.c.o)
                0x20002139                ADDR
 .bss._app_driver_count
                0x2000213a        0x1 CMakeFiles/main.dir/usr/share/pico-sdk/lib/tinyusb/src/device/usbd.c.o
 .bss._sof_enable
                0x2000213b        0x1 CMakeFiles/main.dir/usr/share/pico-sdk/lib/tinyusb/src/portable/raspberrypi/rp2040/dcd_rp2040.c.o
 .bss._usbd_queued_setup
                0x2000213c        0x1 CMakeFiles/main.dir/usr/share/pico-sdk/lib/tinyusb/src/device/usbd.c.o
 .bss.boot2_copyout_valid
                0x2000213d        0x1 CMakeFiles/main.dir/usr/share/pico-sdk/src/rp2_common/hardware_flash/flash.c.o
 .bss.irq_handler_chain_free_slot_head
                0x2000213e        0x1 CMakeFiles/main.dir/usr/share/pico-sdk/src/rp2_common/hardware_irq/irq.c.o
 .bss.itf_num   0x2000213f        0x1 CMakeFiles/main.dir/usr/share/pico-sdk/src/rp2_common/pico_stdio_usb/reset_interface.c.o
 .bss.low_priority_irq_num
                0x20002140        0x1 CMakeFiles/main.dir/usr/share/pico-sdk/src/rp2_common/pico_stdio_usb/stdio_usb.c.o
 .bss.one_shot_timer_pending
                0x20002141        0x1 CMakeFiles/main.dir/usr/share/pico-sdk/src/rp2_common/pico_stdio_usb/stdio_usb.c.o
 .bss.user_irq_claimed
                0x20002142        0x1 CMakeFiles/main.dir/usr/share/pico-sdk/src/rp2_common/hardware_irq/irq.c.o
 *(COMMON)
                0x20002144                        . = ALIGN (0x4)
 *fill*         0x20002143        0x1 
                0x20002144                        __bss_end__ = .

.heap           0x20002144      0x800 load address 0x10008b00
                0x20002144                        __end__ = .
                0x20002144                        end = __end__
 *(.heap*)
 .heap          0x20002144      0x800 CMakeFiles/main.dir/usr/share/pico-sdk/src/rp2_common/pico_crt0/crt0.S.o
                0x20040000                        __HeapLimit = (ORIGIN (RAM) + LENGTH (RAM))

.scratch_x      0x20040000        0x0 load address 0x10008b00
                0x20040000                        __scratch_x_start__ = .
 *(.scratch_x.*)
                0x20040000                        . = ALIGN (0x4)
                0x20040000                        __scratch_x_end__ = .
                0x10008b00                        __scratch_x_source__ = LOADADDR (.scratch_x)

.scratch_y      0x20041000        0x0 load address 0x10008b00
                0x20041000                        __scratch_y_start__ = .
 *(.scratch_y.*)
                0x20041000                        . = ALIGN (0x4)
                0x20041000                        __scratch_y_end__ = .
                0x10008b00                        __scratch_y_source__ = LOADADDR (.scratch_y)

.stack1_dummy
 *(.stack1*)

.stack_dummy    0x20041000      0x800
 *(.stack*)
 .stack         0x20041000      0x800 CMakeFiles/main.dir/usr/share/pico-sdk/src/rp2_common/pico_crt0/crt0.S.o

.flash_end      0x10008b00        0x0
 *(.embedded_end_block*)
                0x10008b00                        PROVIDE (__flash_binary_end = .)
                0x20040000                        __StackLimit = (ORIGIN (RAM) + LENGTH (RAM))
                0x20041000                        __StackOneTop = (ORIGIN (SCRATCH_X) + LENGTH (SCRATCH_X))
                0x20042000                        __StackTop = (ORIGIN (SCRATCH_Y) + LENGTH (SCRATCH_Y))
                0x20041000                        __StackOneBottom = (__StackOneTop - SIZEOF (.stack1_dummy))
                0x20041800                        __StackBottom = (__StackTop - SIZEOF (.stack_dummy))
                0x20042000                        PROVIDE (__stack = __StackTop)
                [!provide]                        PROVIDE (__heap_start = __end__)
                [!provide]                        PROVIDE (__heap_end = __HeapLimit)
                [!provide]                        PROVIDE (__tls_align = MAX (ALIGNOF (.tdata), ALIGNOF (.tbss)))
                [!provide]                        PROVIDE (__tls_size_align = (((__tls_size + __tls_align) - 0x1) & ~ ((__tls_align - 0x1))))
                [!provide]                        PROVIDE (__arm32_tls_tcb_offset = MAX (0x8, __tls_align))
                [!provide]                        PROVIDE (_end = __end__)
                [!provide]                        PROVIDE (__llvm_libc_heap_limit = __HeapLimit)
                0x00000001                        ASSERT ((__StackLimit >= __HeapLimit), region RAM overflowed)
                0x00000001                        ASSERT (((__binary_info_header_end - __logical_binary_start) <= 0x100), Binary info must be in first 256 bytes of the binary)
LOAD CMakeFiles/main.dir/main.c.o
LOAD CMakeFiles/main.dir/usr/share/pico-sdk/src/rp2_common/pico_stdlib/stdlib.c.o
LOAD CMakeFiles/main.dir/usr/share/pico-sdk/src/rp2_common/hardware_gpio/gpio.c.o
LOAD CMakeFiles/main.dir/usr/share/pico-sdk/src/rp2040/pico_platform/platform.c.o
LOAD CMakeFiles/main.dir/usr/share/pico-sdk/src/rp2_common/pico_platform_panic/panic.c.o
LOAD CMakeFiles/main.dir/usr/share/pico-sdk/src/common/hardware_claim/claim.c.o
LOAD CMakeFiles/main.dir/usr/share/pico-sdk/src/rp2_common/hardware_sync/sync.c.o
LOAD CMakeFiles/main.dir/usr/share/pico-sdk/src/rp2_common/hardware_sync_spin_lock/sync_spin_lock.c.o
LOAD CMakeFiles/main.dir/usr/share/pico-sdk/src/rp2_common/hardware_irq/irq.c.o
LOAD CMakeFiles/main.dir/usr/share/pico-sdk/src/rp2_common/hardware_irq/irq_handler_chain.S.o
LOAD CMakeFiles/main.dir/usr/share/pico-sdk/src/common/pico_sync/sem.c.o
LOAD CMakeFiles/main.dir/usr/share/pico-sdk/src/common/pico_sync/lock_core.c.o
LOAD CMakeFiles/main.dir/usr/share/pico-sdk/src/common/pico_sync/mutex.c.o
LOAD CMakeFiles/main.dir/usr/share/pico-sdk/src/common/pico_sync/critical_section.c.o
LOAD CMakeFiles/main.dir/usr/share/pico-sdk/src/common/pico_time/time.c.o
LOAD CMakeFiles/main.dir/usr/share/pico-sdk/src/common/pico_time/timeout_helper.c.o
LOAD CMakeFiles/main.dir/usr/share/pico-sdk/src/rp2_common/hardware_timer/timer.c.o
LOAD CMakeFiles/main.dir/usr/share/pico-sdk/src/common/pico_util/datetime.c.o
LOAD CMakeFiles/main.dir/usr/share/pico-sdk/src/common/pico_util/pheap.c.o
LOAD CMakeFiles/main.dir/usr/share/pico-sdk/src/common/pico_util/queue.c.o
LOAD CMakeFiles/main.dir/usr/share/pico-sdk/src/rp2_common/hardware_uart/uart.c.o
LOAD CMakeFiles/main.dir/usr/share/pico-sdk/src/rp2_common/hardware_clocks/clocks.c.o
LOAD CMakeFiles/main.dir/usr/share/pico-sdk/src/rp2_common/hardware_pll/pll.c.o
LOAD CMakeFiles/main.dir/usr/share/pico-sdk/src/rp2_common/hardware_vreg/vreg.c.o
LOAD CMakeFiles/main.dir/usr/share/pico-sdk/src/rp2_common/hardware_watchdog/watchdog.c.o
LOAD CMakeFiles/main.dir/usr/share/pico-sdk/src/rp2_common/hardware_ticks/ticks.c.o
LOAD CMakeFiles/main.dir/usr/share/pico-sdk/src/rp2_common/pico_bootrom/bootrom.c.o
LOAD CMakeFiles/main.dir/usr/share/pico-sdk/src/rp2_common/pico_bootrom/bootrom_lock.c.o
LOAD CMakeFiles/main.dir/usr/share/pico-sdk/src/rp2_common/hardware_boot_lock/boot_lock.c.o
LOAD CMakeFiles/main.dir/usr/share/pico-sdk/src/rp2_common/pico_flash/flash.c.o
LOAD CMakeFiles/main.dir/usr/share/pico-sdk/src/rp2_common/hardware_xosc/xosc.c.o
LOAD CMakeFiles/main.dir/usr/share/pico-sdk/src/rp2_common/hardware_divider/divider.S.o
LOAD CMakeFiles/main.dir/usr/share/pico-sdk/src/rp2_common/pico_runtime/runtime.c.o
LOAD CMakeFiles/main.dir/usr/share/pico-sdk/src/rp2_common/pico_runtime_init/runtime_init.c.o
LOAD CMakeFiles/main.dir/usr/share/pico-sdk/src/rp2_common/pico_runtime_init/runtime_init_clocks.c.o
LOAD CMakeFiles/main.dir/usr/share/pico-sdk/src/rp2_common/pico_runtime_init/runtime_init_stack_guard.c.o
LOAD CMakeFiles/main.dir/usr/share/pico-sdk/src/rp2_common/pico_bit_ops/bit_ops_aeabi.S.o
LOAD CMakeFiles/main.dir/usr/share/pico-sdk/src/rp2_common/pico_divider/divider_hardware.S.o
LOAD CMakeFiles/main.dir/usr/share/pico-sdk/src/rp2_common/pico_double/double_aeabi_rp2040.S.o
LOAD CMakeFiles/main.dir/usr/share/pico-sdk/src/rp2_common/pico_double/double_init_rom_rp2040.c.o
LOAD CMakeFiles/main.dir/usr/share/pico-sdk/src/rp2_common/pico_double/double_math.c.o
LOAD CMakeFiles/main.dir/usr/share/pico-sdk/src/rp2_common/pico_double/double_v1_rom_shim_rp2040.S.o
LOAD CMakeFiles/main.dir/usr/share/pico-sdk/src/rp2_common/pico_int64_ops/pico_int64_ops_aeabi.S.o
LOAD CMakeFiles/main.dir/usr/share/pico-sdk/src/rp2_common/pico_float/float_aeabi_rp2040.S.o
LOAD CMakeFiles/main.dir/usr/share/pico-sdk/src/rp2_common/pico_float/float_init_rom_rp2040.c.o
LOAD CMakeFiles/main.dir/usr/share/pico-sdk/src/rp2_common/pico_float/float_math.c.o
LOAD CMakeFiles/main.dir/usr/share/pico-sdk/src/rp2_common/pico_float/float_v1_rom_shim_rp2040.S.o
LOAD CMakeFiles/main.dir/usr/share/pico-sdk/src/rp2_common/pico_malloc/malloc.c.o
LOAD CMakeFiles/main.dir/usr/share/pico-sdk/src/rp2_common/pico_mem_ops/mem_ops_aeabi.S.o
LOAD CMakeFiles/main.dir/usr/share/pico-sdk/src/rp2_common/pico_atomic/atomic.c.o
LOAD CMakeFiles/main.dir/usr/share/pico-sdk/src/rp2_common/pico_cxx_options/new_delete.cpp.o
LOAD CMakeFiles/main.dir/usr/share/pico-sdk/src/rp2_common/pico_standard_binary_info/standard_binary_info.c.o
LOAD CMakeFiles/main.dir/usr/share/pico-sdk/src/rp2_common/pico_printf/printf.c.o
LOAD CMakeFiles/main.dir/usr/share/pico-sdk/src/rp2_common/pico_crt0/crt0.S.o
LOAD CMakeFiles/main.dir/usr/share/pico-sdk/src/rp2_common/pico_clib_interface/newlib_interface.c.o
LOAD CMakeFiles/main.dir/usr/share/pico-sdk/src/rp2_common/pico_stdio/stdio.c.o
LOAD CMakeFiles/main.dir/usr/share/pico-sdk/src/rp2_common/pico_stdio_usb/reset_interface.c.o
LOAD CMakeFiles/main.dir/usr/share/pico-sdk/src/rp2_common/pico_stdio_usb/stdio_usb.c.o
LOAD CMakeFiles/main.dir/usr/share/pico-sdk/src/rp2_common/pico_stdio_usb/stdio_usb_descriptors.c.o
LOAD CMakeFiles/main.dir/usr/share/pico-sdk/src/rp2_common/pico_unique_id/unique_id.c.o
LOAD CMakeFiles/main.dir/usr/share/pico-sdk/src/rp2_common/hardware_flash/flash.c.o
LOAD CMakeFiles/main.dir/usr/share/pico-sdk/src/rp2_common/hardware_xip_cache/xip_cache.c.o
LOAD CMakeFiles/main.dir/usr/share/pico-sdk/lib/tinyusb/src/portable/raspberrypi/rp2040/dcd_rp2040.c.o
LOAD CMakeFiles/main.dir/usr/share/pico-sdk/lib/tinyusb/src/portable/raspberrypi/rp2040/rp2040_usb.c.o
LOAD CMakeFiles/main.dir/usr/share/pico-sdk/lib/tinyusb/src/device/usbd.c.o
LOAD CMakeFiles/main.dir/usr/share/pico-sdk/lib/tinyusb/src/device/usbd_control.c.o
LOAD CMakeFiles/main.dir/usr/share/pico-sdk/lib/tinyusb/src/class/audio/audio_device.c.o
LOAD CMakeFiles/main.dir/usr/share/pico-sdk/lib/tinyusb/src/class/cdc/cdc_device.c.o
LOAD CMakeFiles/main.dir/usr/share/pico-sdk/lib/tinyusb/src/class/dfu/dfu_device.c.o
LOAD CMakeFiles/main.dir/usr/share/pico-sdk/lib/tinyusb/src/class/dfu/dfu_rt_device.c.o
LOAD CMakeFiles/main.dir/usr/share/pico-sdk/lib/tinyusb/src/class/hid/hid_device.c.o
LOAD CMakeFiles/main.dir/usr/share/pico-sdk/lib/tinyusb/src/class/midi/midi_device.c.o
LOAD CMakeFiles/main.dir/usr/share/pico-sdk/lib/tinyusb/src/class/msc/msc_device.c.o
LOAD CMakeFiles/main.dir/usr/share/pico-sdk/lib/tinyusb/src/class/net/ecm_rndis_device.c.o
LOAD CMakeFiles/main.dir/usr/share/pico-sdk/lib/tinyusb/src/class/net/ncm_device.c.o
LOAD CMakeFiles/main.dir/usr/share/pico-sdk/lib/tinyusb/src/class/usbtmc/usbtmc_device.c.o
LOAD CMakeFiles/main.dir/usr/share/pico-sdk/lib/tinyusb/src/class/vendor/vendor_device.c.o
LOAD CMakeFiles/main.dir/usr/share/pico-sdk/lib/tinyusb/src/class/video/video_device.c.o
LOAD CMakeFiles/main.dir/usr/share/pico-sdk/lib/tinyusb/src/tusb.c.o
LOAD CMakeFiles/main.dir/usr/share/pico-sdk/lib/tinyusb/src/common/tusb_fifo.c.o
LOAD CMakeFiles/main.dir/usr/share/pico-sdk/src/rp2_common/pico_fix/rp2040_usb_device_enumeration/rp2040_usb_device_enumeration.c.o
LOAD CMakeFiles/main.dir/usr/share/pico-sdk/src/rp2_common/hardware_spi/spi.c.o
LOAD CMakeFiles/main.dir/usr/share/pico-sdk/src/rp2_common/hardware_i2c/i2c.c.o
LOAD CMakeFiles/main.dir/usr/share/pico-sdk/src/rp2_common/hardware_adc/adc.c.o
LOAD pico-sdk/src/rp2040/boot_stage2/CMakeFiles/bs2_default_library.dir/bs2_default_padded_checksummed.S.o
LOAD examples/libexamples.a
LOAD lib/Config/libConfig.a
LOAD lib/Devices/libDevices.a
LOAD lib/Config/libConfig.a
LOAD /usr/lib/gcc/arm-none-eabi/14.2.0/../../../../arm-none-eabi/lib/thumb/v6-m/nofp/libstdc++.a
LOAD /usr/lib/gcc/arm-none-eabi/14.2.0/../../../../arm-none-eabi/lib/thumb/v6-m/nofp/libm.a
START GROUP
LOAD /usr/lib/gcc/arm-none-eabi/14.2.0/thumb/v6-m/nofp/libgcc.a
LOAD /usr/lib/gcc/arm-none-eabi/14.2.0/../../../../arm-none-eabi/lib/thumb/v6-m/nofp/libg.a
LOAD /usr/lib/gcc/arm-none-eabi/14.2.0/../../../../arm-none-eabi/lib/thumb/v6-m/nofp/libc.a
END GROUP
START GROUP
LOAD /usr/lib/gcc/arm-none-eabi/14.2.0/thumb/v6-m/nofp/libgcc.a
LOAD /usr/lib/gcc/arm-none-eabi/14.2.0/../../../../arm-none-eabi/lib/thumb/v6-m/nofp/libc.a
LOAD /usr/lib/gcc/arm-none-eabi/14.2.0/../../../../arm-none-eabi/lib/thumb/v6-m/nofp/libnosys.a
END GROUP
LOAD /usr/lib/gcc/arm-none-eabi/14.2.0/thumb/v6-m/nofp/crtend.o
LOAD /usr/lib/gcc/arm-none-eabi/14.2.0/thumb/v6-m/nofp/crtn.o
OUTPUT(main.elf elf32-littlearm)
LOAD linker stubs

.ARM.attributes
                0x00000000       0x28
 .ARM.attributes
                0x00000000       0x1e /usr/lib/gcc/arm-none-eabi/14.2.0/thumb/v6-m/nofp/crti.o
 .ARM.attributes
                0x0000001e       0x2c /usr/lib/gcc/arm-none-eabi/14.2.0/thumb/v6-m/nofp/crtbegin.o